Component: Arm Compiler for Embedded 6.19 Tool: armlink [5e73cb00]

==============================================================================

Section Cross References

    misc.o(.text.NVIC_PriorityGroupConfig) refers to misc.o(.rodata.str1.1) for .L.str
    misc.o(.text.NVIC_PriorityGroupConfig) refers to libs.o(.text.__aeabi_assert) for __aeabi_assert
    misc.o(.ARM.exidx.text.NVIC_PriorityGroupConfig) refers to misc.o(.text.NVIC_PriorityGroupConfig) for [Anonymous Symbol]
    misc.o(.text.NVIC_Init) refers to misc.o(.rodata.str1.1) for .L.str.2
    misc.o(.text.NVIC_Init) refers to libs.o(.text.__aeabi_assert) for __aeabi_assert
    misc.o(.ARM.exidx.text.NVIC_Init) refers to misc.o(.text.NVIC_Init) for [Anonymous Symbol]
    misc.o(.text.NVIC_SetVectorTable) refers to misc.o(.rodata.str1.1) for .L.str.5
    misc.o(.text.NVIC_SetVectorTable) refers to libs.o(.text.__aeabi_assert) for __aeabi_assert
    misc.o(.ARM.exidx.text.NVIC_SetVectorTable) refers to misc.o(.text.NVIC_SetVectorTable) for [Anonymous Symbol]
    misc.o(.text.NVIC_SystemLPConfig) refers to misc.o(.rodata.str1.1) for .L.str.7
    misc.o(.text.NVIC_SystemLPConfig) refers to libs.o(.text.__aeabi_assert) for __aeabi_assert
    misc.o(.ARM.exidx.text.NVIC_SystemLPConfig) refers to misc.o(.text.NVIC_SystemLPConfig) for [Anonymous Symbol]
    misc.o(.text.SysTick_CLKSourceConfig) refers to misc.o(.rodata.str1.1) for .L.str.9
    misc.o(.text.SysTick_CLKSourceConfig) refers to libs.o(.text.__aeabi_assert) for __aeabi_assert
    misc.o(.ARM.exidx.text.SysTick_CLKSourceConfig) refers to misc.o(.text.SysTick_CLKSourceConfig) for [Anonymous Symbol]
    stm32f4xx_gpio.o(.text.GPIO_DeInit) refers to stm32f4xx_gpio.o(.rodata.str1.1) for .L.str
    stm32f4xx_gpio.o(.text.GPIO_DeInit) refers to libs.o(.text.__aeabi_assert) for __aeabi_assert
    stm32f4xx_gpio.o(.text.GPIO_DeInit) refers to stm32f4xx_rcc.o(.text.RCC_AHB1PeriphResetCmd) for RCC_AHB1PeriphResetCmd
    stm32f4xx_gpio.o(.ARM.exidx.text.GPIO_DeInit) refers to stm32f4xx_gpio.o(.text.GPIO_DeInit) for [Anonymous Symbol]
    stm32f4xx_gpio.o(.text.GPIO_Init) refers to stm32f4xx_gpio.o(.rodata.str1.1) for .L.str
    stm32f4xx_gpio.o(.text.GPIO_Init) refers to libs.o(.text.__aeabi_assert) for __aeabi_assert
    stm32f4xx_gpio.o(.ARM.exidx.text.GPIO_Init) refers to stm32f4xx_gpio.o(.text.GPIO_Init) for [Anonymous Symbol]
    stm32f4xx_gpio.o(.ARM.exidx.text.GPIO_StructInit) refers to stm32f4xx_gpio.o(.text.GPIO_StructInit) for [Anonymous Symbol]
    stm32f4xx_gpio.o(.text.GPIO_PinLockConfig) refers to stm32f4xx_gpio.o(.rodata.str1.1) for .L.str
    stm32f4xx_gpio.o(.text.GPIO_PinLockConfig) refers to libs.o(.text.__aeabi_assert) for __aeabi_assert
    stm32f4xx_gpio.o(.ARM.exidx.text.GPIO_PinLockConfig) refers to stm32f4xx_gpio.o(.text.GPIO_PinLockConfig) for [Anonymous Symbol]
    stm32f4xx_gpio.o(.text.GPIO_ReadInputDataBit) refers to stm32f4xx_gpio.o(.rodata.str1.1) for .L.str
    stm32f4xx_gpio.o(.text.GPIO_ReadInputDataBit) refers to libs.o(.text.__aeabi_assert) for __aeabi_assert
    stm32f4xx_gpio.o(.ARM.exidx.text.GPIO_ReadInputDataBit) refers to stm32f4xx_gpio.o(.text.GPIO_ReadInputDataBit) for [Anonymous Symbol]
    stm32f4xx_gpio.o(.text.GPIO_ReadInputData) refers to stm32f4xx_gpio.o(.rodata.str1.1) for .L.str
    stm32f4xx_gpio.o(.text.GPIO_ReadInputData) refers to libs.o(.text.__aeabi_assert) for __aeabi_assert
    stm32f4xx_gpio.o(.ARM.exidx.text.GPIO_ReadInputData) refers to stm32f4xx_gpio.o(.text.GPIO_ReadInputData) for [Anonymous Symbol]
    stm32f4xx_gpio.o(.text.GPIO_ReadOutputDataBit) refers to stm32f4xx_gpio.o(.rodata.str1.1) for .L.str
    stm32f4xx_gpio.o(.text.GPIO_ReadOutputDataBit) refers to libs.o(.text.__aeabi_assert) for __aeabi_assert
    stm32f4xx_gpio.o(.ARM.exidx.text.GPIO_ReadOutputDataBit) refers to stm32f4xx_gpio.o(.text.GPIO_ReadOutputDataBit) for [Anonymous Symbol]
    stm32f4xx_gpio.o(.text.GPIO_ReadOutputData) refers to stm32f4xx_gpio.o(.rodata.str1.1) for .L.str
    stm32f4xx_gpio.o(.text.GPIO_ReadOutputData) refers to libs.o(.text.__aeabi_assert) for __aeabi_assert
    stm32f4xx_gpio.o(.ARM.exidx.text.GPIO_ReadOutputData) refers to stm32f4xx_gpio.o(.text.GPIO_ReadOutputData) for [Anonymous Symbol]
    stm32f4xx_gpio.o(.text.GPIO_SetBits) refers to stm32f4xx_gpio.o(.rodata.str1.1) for .L.str
    stm32f4xx_gpio.o(.text.GPIO_SetBits) refers to libs.o(.text.__aeabi_assert) for __aeabi_assert
    stm32f4xx_gpio.o(.ARM.exidx.text.GPIO_SetBits) refers to stm32f4xx_gpio.o(.text.GPIO_SetBits) for [Anonymous Symbol]
    stm32f4xx_gpio.o(.text.GPIO_ResetBits) refers to stm32f4xx_gpio.o(.rodata.str1.1) for .L.str
    stm32f4xx_gpio.o(.text.GPIO_ResetBits) refers to libs.o(.text.__aeabi_assert) for __aeabi_assert
    stm32f4xx_gpio.o(.ARM.exidx.text.GPIO_ResetBits) refers to stm32f4xx_gpio.o(.text.GPIO_ResetBits) for [Anonymous Symbol]
    stm32f4xx_gpio.o(.text.GPIO_WriteBit) refers to stm32f4xx_gpio.o(.rodata.str1.1) for .L.str
    stm32f4xx_gpio.o(.text.GPIO_WriteBit) refers to libs.o(.text.__aeabi_assert) for __aeabi_assert
    stm32f4xx_gpio.o(.ARM.exidx.text.GPIO_WriteBit) refers to stm32f4xx_gpio.o(.text.GPIO_WriteBit) for [Anonymous Symbol]
    stm32f4xx_gpio.o(.text.GPIO_Write) refers to stm32f4xx_gpio.o(.rodata.str1.1) for .L.str
    stm32f4xx_gpio.o(.text.GPIO_Write) refers to libs.o(.text.__aeabi_assert) for __aeabi_assert
    stm32f4xx_gpio.o(.ARM.exidx.text.GPIO_Write) refers to stm32f4xx_gpio.o(.text.GPIO_Write) for [Anonymous Symbol]
    stm32f4xx_gpio.o(.text.GPIO_ToggleBits) refers to stm32f4xx_gpio.o(.rodata.str1.1) for .L.str
    stm32f4xx_gpio.o(.text.GPIO_ToggleBits) refers to libs.o(.text.__aeabi_assert) for __aeabi_assert
    stm32f4xx_gpio.o(.ARM.exidx.text.GPIO_ToggleBits) refers to stm32f4xx_gpio.o(.text.GPIO_ToggleBits) for [Anonymous Symbol]
    stm32f4xx_gpio.o(.text.GPIO_PinAFConfig) refers to stm32f4xx_gpio.o(.rodata.str1.1) for .L.str
    stm32f4xx_gpio.o(.text.GPIO_PinAFConfig) refers to libs.o(.text.__aeabi_assert) for __aeabi_assert
    stm32f4xx_gpio.o(.ARM.exidx.text.GPIO_PinAFConfig) refers to stm32f4xx_gpio.o(.text.GPIO_PinAFConfig) for [Anonymous Symbol]
    stm32f4xx_usart.o(.text.USART_DeInit) refers to stm32f4xx_usart.o(.rodata.str1.1) for .L.str
    stm32f4xx_usart.o(.text.USART_DeInit) refers to libs.o(.text.__aeabi_assert) for __aeabi_assert
    stm32f4xx_usart.o(.text.USART_DeInit) refers to stm32f4xx_rcc.o(.text.RCC_APB2PeriphResetCmd) for RCC_APB2PeriphResetCmd
    stm32f4xx_usart.o(.text.USART_DeInit) refers to stm32f4xx_rcc.o(.text.RCC_APB1PeriphResetCmd) for RCC_APB1PeriphResetCmd
    stm32f4xx_usart.o(.ARM.exidx.text.USART_DeInit) refers to stm32f4xx_usart.o(.text.USART_DeInit) for [Anonymous Symbol]
    stm32f4xx_usart.o(.text.USART_Init) refers to stm32f4xx_usart.o(.rodata.str1.1) for .L.str
    stm32f4xx_usart.o(.text.USART_Init) refers to libs.o(.text.__aeabi_assert) for __aeabi_assert
    stm32f4xx_usart.o(.text.USART_Init) refers to stm32f4xx_rcc.o(.text.RCC_GetClocksFreq) for RCC_GetClocksFreq
    stm32f4xx_usart.o(.ARM.exidx.text.USART_Init) refers to stm32f4xx_usart.o(.text.USART_Init) for [Anonymous Symbol]
    stm32f4xx_usart.o(.ARM.exidx.text.USART_StructInit) refers to stm32f4xx_usart.o(.text.USART_StructInit) for [Anonymous Symbol]
    stm32f4xx_usart.o(.text.USART_ClockInit) refers to stm32f4xx_usart.o(.rodata.str1.1) for .L.str.8
    stm32f4xx_usart.o(.text.USART_ClockInit) refers to libs.o(.text.__aeabi_assert) for __aeabi_assert
    stm32f4xx_usart.o(.ARM.exidx.text.USART_ClockInit) refers to stm32f4xx_usart.o(.text.USART_ClockInit) for [Anonymous Symbol]
    stm32f4xx_usart.o(.ARM.exidx.text.USART_ClockStructInit) refers to stm32f4xx_usart.o(.text.USART_ClockStructInit) for [Anonymous Symbol]
    stm32f4xx_usart.o(.text.USART_Cmd) refers to stm32f4xx_usart.o(.rodata.str1.1) for .L.str
    stm32f4xx_usart.o(.text.USART_Cmd) refers to libs.o(.text.__aeabi_assert) for __aeabi_assert
    stm32f4xx_usart.o(.ARM.exidx.text.USART_Cmd) refers to stm32f4xx_usart.o(.text.USART_Cmd) for [Anonymous Symbol]
    stm32f4xx_usart.o(.text.USART_SetPrescaler) refers to stm32f4xx_usart.o(.rodata.str1.1) for .L.str
    stm32f4xx_usart.o(.text.USART_SetPrescaler) refers to libs.o(.text.__aeabi_assert) for __aeabi_assert
    stm32f4xx_usart.o(.ARM.exidx.text.USART_SetPrescaler) refers to stm32f4xx_usart.o(.text.USART_SetPrescaler) for [Anonymous Symbol]
    stm32f4xx_usart.o(.text.USART_OverSampling8Cmd) refers to stm32f4xx_usart.o(.rodata.str1.1) for .L.str
    stm32f4xx_usart.o(.text.USART_OverSampling8Cmd) refers to libs.o(.text.__aeabi_assert) for __aeabi_assert
    stm32f4xx_usart.o(.ARM.exidx.text.USART_OverSampling8Cmd) refers to stm32f4xx_usart.o(.text.USART_OverSampling8Cmd) for [Anonymous Symbol]
    stm32f4xx_usart.o(.text.USART_OneBitMethodCmd) refers to stm32f4xx_usart.o(.rodata.str1.1) for .L.str
    stm32f4xx_usart.o(.text.USART_OneBitMethodCmd) refers to libs.o(.text.__aeabi_assert) for __aeabi_assert
    stm32f4xx_usart.o(.ARM.exidx.text.USART_OneBitMethodCmd) refers to stm32f4xx_usart.o(.text.USART_OneBitMethodCmd) for [Anonymous Symbol]
    stm32f4xx_usart.o(.text.USART_SendData) refers to stm32f4xx_usart.o(.rodata.str1.1) for .L.str
    stm32f4xx_usart.o(.text.USART_SendData) refers to libs.o(.text.__aeabi_assert) for __aeabi_assert
    stm32f4xx_usart.o(.ARM.exidx.text.USART_SendData) refers to stm32f4xx_usart.o(.text.USART_SendData) for [Anonymous Symbol]
    stm32f4xx_usart.o(.text.USART_ReceiveData) refers to stm32f4xx_usart.o(.rodata.str1.1) for .L.str
    stm32f4xx_usart.o(.text.USART_ReceiveData) refers to libs.o(.text.__aeabi_assert) for __aeabi_assert
    stm32f4xx_usart.o(.ARM.exidx.text.USART_ReceiveData) refers to stm32f4xx_usart.o(.text.USART_ReceiveData) for [Anonymous Symbol]
    stm32f4xx_usart.o(.text.USART_SetAddress) refers to stm32f4xx_usart.o(.rodata.str1.1) for .L.str
    stm32f4xx_usart.o(.text.USART_SetAddress) refers to libs.o(.text.__aeabi_assert) for __aeabi_assert
    stm32f4xx_usart.o(.ARM.exidx.text.USART_SetAddress) refers to stm32f4xx_usart.o(.text.USART_SetAddress) for [Anonymous Symbol]
    stm32f4xx_usart.o(.text.USART_ReceiverWakeUpCmd) refers to stm32f4xx_usart.o(.rodata.str1.1) for .L.str
    stm32f4xx_usart.o(.text.USART_ReceiverWakeUpCmd) refers to libs.o(.text.__aeabi_assert) for __aeabi_assert
    stm32f4xx_usart.o(.ARM.exidx.text.USART_ReceiverWakeUpCmd) refers to stm32f4xx_usart.o(.text.USART_ReceiverWakeUpCmd) for [Anonymous Symbol]
    stm32f4xx_usart.o(.text.USART_WakeUpConfig) refers to stm32f4xx_usart.o(.rodata.str1.1) for .L.str
    stm32f4xx_usart.o(.text.USART_WakeUpConfig) refers to libs.o(.text.__aeabi_assert) for __aeabi_assert
    stm32f4xx_usart.o(.ARM.exidx.text.USART_WakeUpConfig) refers to stm32f4xx_usart.o(.text.USART_WakeUpConfig) for [Anonymous Symbol]
    stm32f4xx_usart.o(.text.USART_LINBreakDetectLengthConfig) refers to stm32f4xx_usart.o(.rodata.str1.1) for .L.str
    stm32f4xx_usart.o(.text.USART_LINBreakDetectLengthConfig) refers to libs.o(.text.__aeabi_assert) for __aeabi_assert
    stm32f4xx_usart.o(.ARM.exidx.text.USART_LINBreakDetectLengthConfig) refers to stm32f4xx_usart.o(.text.USART_LINBreakDetectLengthConfig) for [Anonymous Symbol]
    stm32f4xx_usart.o(.text.USART_LINCmd) refers to stm32f4xx_usart.o(.rodata.str1.1) for .L.str
    stm32f4xx_usart.o(.text.USART_LINCmd) refers to libs.o(.text.__aeabi_assert) for __aeabi_assert
    stm32f4xx_usart.o(.ARM.exidx.text.USART_LINCmd) refers to stm32f4xx_usart.o(.text.USART_LINCmd) for [Anonymous Symbol]
    stm32f4xx_usart.o(.text.USART_SendBreak) refers to stm32f4xx_usart.o(.rodata.str1.1) for .L.str
    stm32f4xx_usart.o(.text.USART_SendBreak) refers to libs.o(.text.__aeabi_assert) for __aeabi_assert
    stm32f4xx_usart.o(.ARM.exidx.text.USART_SendBreak) refers to stm32f4xx_usart.o(.text.USART_SendBreak) for [Anonymous Symbol]
    stm32f4xx_usart.o(.text.USART_HalfDuplexCmd) refers to stm32f4xx_usart.o(.rodata.str1.1) for .L.str
    stm32f4xx_usart.o(.text.USART_HalfDuplexCmd) refers to libs.o(.text.__aeabi_assert) for __aeabi_assert
    stm32f4xx_usart.o(.ARM.exidx.text.USART_HalfDuplexCmd) refers to stm32f4xx_usart.o(.text.USART_HalfDuplexCmd) for [Anonymous Symbol]
    stm32f4xx_usart.o(.text.USART_SetGuardTime) refers to stm32f4xx_usart.o(.rodata.str1.1) for .L.str.8
    stm32f4xx_usart.o(.text.USART_SetGuardTime) refers to libs.o(.text.__aeabi_assert) for __aeabi_assert
    stm32f4xx_usart.o(.ARM.exidx.text.USART_SetGuardTime) refers to stm32f4xx_usart.o(.text.USART_SetGuardTime) for [Anonymous Symbol]
    stm32f4xx_usart.o(.text.USART_SmartCardCmd) refers to stm32f4xx_usart.o(.rodata.str1.1) for .L.str.8
    stm32f4xx_usart.o(.text.USART_SmartCardCmd) refers to libs.o(.text.__aeabi_assert) for __aeabi_assert
    stm32f4xx_usart.o(.ARM.exidx.text.USART_SmartCardCmd) refers to stm32f4xx_usart.o(.text.USART_SmartCardCmd) for [Anonymous Symbol]
    stm32f4xx_usart.o(.text.USART_SmartCardNACKCmd) refers to stm32f4xx_usart.o(.rodata.str1.1) for .L.str.8
    stm32f4xx_usart.o(.text.USART_SmartCardNACKCmd) refers to libs.o(.text.__aeabi_assert) for __aeabi_assert
    stm32f4xx_usart.o(.ARM.exidx.text.USART_SmartCardNACKCmd) refers to stm32f4xx_usart.o(.text.USART_SmartCardNACKCmd) for [Anonymous Symbol]
    stm32f4xx_usart.o(.text.USART_IrDAConfig) refers to stm32f4xx_usart.o(.rodata.str1.1) for .L.str
    stm32f4xx_usart.o(.text.USART_IrDAConfig) refers to libs.o(.text.__aeabi_assert) for __aeabi_assert
    stm32f4xx_usart.o(.ARM.exidx.text.USART_IrDAConfig) refers to stm32f4xx_usart.o(.text.USART_IrDAConfig) for [Anonymous Symbol]
    stm32f4xx_usart.o(.text.USART_IrDACmd) refers to stm32f4xx_usart.o(.rodata.str1.1) for .L.str
    stm32f4xx_usart.o(.text.USART_IrDACmd) refers to libs.o(.text.__aeabi_assert) for __aeabi_assert
    stm32f4xx_usart.o(.ARM.exidx.text.USART_IrDACmd) refers to stm32f4xx_usart.o(.text.USART_IrDACmd) for [Anonymous Symbol]
    stm32f4xx_usart.o(.text.USART_DMACmd) refers to stm32f4xx_usart.o(.rodata.str1.1) for .L.str
    stm32f4xx_usart.o(.text.USART_DMACmd) refers to libs.o(.text.__aeabi_assert) for __aeabi_assert
    stm32f4xx_usart.o(.ARM.exidx.text.USART_DMACmd) refers to stm32f4xx_usart.o(.text.USART_DMACmd) for [Anonymous Symbol]
    stm32f4xx_usart.o(.text.USART_ITConfig) refers to stm32f4xx_usart.o(.rodata.str1.1) for .L.str
    stm32f4xx_usart.o(.text.USART_ITConfig) refers to libs.o(.text.__aeabi_assert) for __aeabi_assert
    stm32f4xx_usart.o(.ARM.exidx.text.USART_ITConfig) refers to stm32f4xx_usart.o(.text.USART_ITConfig) for [Anonymous Symbol]
    stm32f4xx_usart.o(.text.USART_GetFlagStatus) refers to stm32f4xx_usart.o(.rodata.str1.1) for .L.str
    stm32f4xx_usart.o(.text.USART_GetFlagStatus) refers to libs.o(.text.__aeabi_assert) for __aeabi_assert
    stm32f4xx_usart.o(.ARM.exidx.text.USART_GetFlagStatus) refers to stm32f4xx_usart.o(.text.USART_GetFlagStatus) for [Anonymous Symbol]
    stm32f4xx_usart.o(.text.USART_ClearFlag) refers to stm32f4xx_usart.o(.rodata.str1.1) for .L.str
    stm32f4xx_usart.o(.text.USART_ClearFlag) refers to libs.o(.text.__aeabi_assert) for __aeabi_assert
    stm32f4xx_usart.o(.ARM.exidx.text.USART_ClearFlag) refers to stm32f4xx_usart.o(.text.USART_ClearFlag) for [Anonymous Symbol]
    stm32f4xx_usart.o(.text.USART_GetITStatus) refers to stm32f4xx_usart.o(.rodata.str1.1) for .L.str
    stm32f4xx_usart.o(.text.USART_GetITStatus) refers to libs.o(.text.__aeabi_assert) for __aeabi_assert
    stm32f4xx_usart.o(.ARM.exidx.text.USART_GetITStatus) refers to stm32f4xx_usart.o(.text.USART_GetITStatus) for [Anonymous Symbol]
    stm32f4xx_usart.o(.text.USART_ClearITPendingBit) refers to stm32f4xx_usart.o(.rodata.str1.1) for .L.str
    stm32f4xx_usart.o(.text.USART_ClearITPendingBit) refers to libs.o(.text.__aeabi_assert) for __aeabi_assert
    stm32f4xx_usart.o(.ARM.exidx.text.USART_ClearITPendingBit) refers to stm32f4xx_usart.o(.text.USART_ClearITPendingBit) for [Anonymous Symbol]
    stm32f4xx_rcc.o(.ARM.exidx.text.RCC_DeInit) refers to stm32f4xx_rcc.o(.text.RCC_DeInit) for [Anonymous Symbol]
    stm32f4xx_rcc.o(.text.RCC_HSEConfig) refers to stm32f4xx_rcc.o(.rodata.str1.1) for .L.str
    stm32f4xx_rcc.o(.text.RCC_HSEConfig) refers to libs.o(.text.__aeabi_assert) for __aeabi_assert
    stm32f4xx_rcc.o(.ARM.exidx.text.RCC_HSEConfig) refers to stm32f4xx_rcc.o(.text.RCC_HSEConfig) for [Anonymous Symbol]
    stm32f4xx_rcc.o(.text.RCC_WaitForHSEStartUp) refers to stm32f4xx_rcc.o(.text.RCC_GetFlagStatus) for RCC_GetFlagStatus
    stm32f4xx_rcc.o(.ARM.exidx.text.RCC_WaitForHSEStartUp) refers to stm32f4xx_rcc.o(.text.RCC_WaitForHSEStartUp) for [Anonymous Symbol]
    stm32f4xx_rcc.o(.text.RCC_GetFlagStatus) refers to stm32f4xx_rcc.o(.rodata.str1.1) for .L.str.32
    stm32f4xx_rcc.o(.text.RCC_GetFlagStatus) refers to libs.o(.text.__aeabi_assert) for __aeabi_assert
    stm32f4xx_rcc.o(.ARM.exidx.text.RCC_GetFlagStatus) refers to stm32f4xx_rcc.o(.text.RCC_GetFlagStatus) for [Anonymous Symbol]
    stm32f4xx_rcc.o(.text.RCC_AdjustHSICalibrationValue) refers to stm32f4xx_rcc.o(.rodata.str1.1) for .L.str.2
    stm32f4xx_rcc.o(.text.RCC_AdjustHSICalibrationValue) refers to libs.o(.text.__aeabi_assert) for __aeabi_assert
    stm32f4xx_rcc.o(.ARM.exidx.text.RCC_AdjustHSICalibrationValue) refers to stm32f4xx_rcc.o(.text.RCC_AdjustHSICalibrationValue) for [Anonymous Symbol]
    stm32f4xx_rcc.o(.text.RCC_HSICmd) refers to stm32f4xx_rcc.o(.rodata.str1.1) for .L.str.3
    stm32f4xx_rcc.o(.text.RCC_HSICmd) refers to libs.o(.text.__aeabi_assert) for __aeabi_assert
    stm32f4xx_rcc.o(.ARM.exidx.text.RCC_HSICmd) refers to stm32f4xx_rcc.o(.text.RCC_HSICmd) for [Anonymous Symbol]
    stm32f4xx_rcc.o(.text.RCC_LSEConfig) refers to stm32f4xx_rcc.o(.rodata.str1.1) for .L.str.4
    stm32f4xx_rcc.o(.text.RCC_LSEConfig) refers to libs.o(.text.__aeabi_assert) for __aeabi_assert
    stm32f4xx_rcc.o(.ARM.exidx.text.RCC_LSEConfig) refers to stm32f4xx_rcc.o(.text.RCC_LSEConfig) for [Anonymous Symbol]
    stm32f4xx_rcc.o(.text.RCC_LSICmd) refers to stm32f4xx_rcc.o(.rodata.str1.1) for .L.str.3
    stm32f4xx_rcc.o(.text.RCC_LSICmd) refers to libs.o(.text.__aeabi_assert) for __aeabi_assert
    stm32f4xx_rcc.o(.ARM.exidx.text.RCC_LSICmd) refers to stm32f4xx_rcc.o(.text.RCC_LSICmd) for [Anonymous Symbol]
    stm32f4xx_rcc.o(.text.RCC_PLLConfig) refers to stm32f4xx_rcc.o(.rodata.str1.1) for .L.str.5
    stm32f4xx_rcc.o(.text.RCC_PLLConfig) refers to libs.o(.text.__aeabi_assert) for __aeabi_assert
    stm32f4xx_rcc.o(.ARM.exidx.text.RCC_PLLConfig) refers to stm32f4xx_rcc.o(.text.RCC_PLLConfig) for [Anonymous Symbol]
    stm32f4xx_rcc.o(.text.RCC_PLLCmd) refers to stm32f4xx_rcc.o(.rodata.str1.1) for .L.str.3
    stm32f4xx_rcc.o(.text.RCC_PLLCmd) refers to libs.o(.text.__aeabi_assert) for __aeabi_assert
    stm32f4xx_rcc.o(.ARM.exidx.text.RCC_PLLCmd) refers to stm32f4xx_rcc.o(.text.RCC_PLLCmd) for [Anonymous Symbol]
    stm32f4xx_rcc.o(.text.RCC_PLLI2SConfig) refers to stm32f4xx_rcc.o(.rodata.str1.1) for .L.str.10
    stm32f4xx_rcc.o(.text.RCC_PLLI2SConfig) refers to libs.o(.text.__aeabi_assert) for __aeabi_assert
    stm32f4xx_rcc.o(.ARM.exidx.text.RCC_PLLI2SConfig) refers to stm32f4xx_rcc.o(.text.RCC_PLLI2SConfig) for [Anonymous Symbol]
    stm32f4xx_rcc.o(.text.RCC_PLLI2SCmd) refers to stm32f4xx_rcc.o(.rodata.str1.1) for .L.str.3
    stm32f4xx_rcc.o(.text.RCC_PLLI2SCmd) refers to libs.o(.text.__aeabi_assert) for __aeabi_assert
    stm32f4xx_rcc.o(.ARM.exidx.text.RCC_PLLI2SCmd) refers to stm32f4xx_rcc.o(.text.RCC_PLLI2SCmd) for [Anonymous Symbol]
    stm32f4xx_rcc.o(.text.RCC_PLLSAICmd) refers to stm32f4xx_rcc.o(.rodata.str1.1) for .L.str.3
    stm32f4xx_rcc.o(.text.RCC_PLLSAICmd) refers to libs.o(.text.__aeabi_assert) for __aeabi_assert
    stm32f4xx_rcc.o(.ARM.exidx.text.RCC_PLLSAICmd) refers to stm32f4xx_rcc.o(.text.RCC_PLLSAICmd) for [Anonymous Symbol]
    stm32f4xx_rcc.o(.text.RCC_ClockSecuritySystemCmd) refers to stm32f4xx_rcc.o(.rodata.str1.1) for .L.str.3
    stm32f4xx_rcc.o(.text.RCC_ClockSecuritySystemCmd) refers to libs.o(.text.__aeabi_assert) for __aeabi_assert
    stm32f4xx_rcc.o(.ARM.exidx.text.RCC_ClockSecuritySystemCmd) refers to stm32f4xx_rcc.o(.text.RCC_ClockSecuritySystemCmd) for [Anonymous Symbol]
    stm32f4xx_rcc.o(.text.RCC_MCO1Config) refers to stm32f4xx_rcc.o(.rodata.str1.1) for .L.str.13
    stm32f4xx_rcc.o(.text.RCC_MCO1Config) refers to libs.o(.text.__aeabi_assert) for __aeabi_assert
    stm32f4xx_rcc.o(.ARM.exidx.text.RCC_MCO1Config) refers to stm32f4xx_rcc.o(.text.RCC_MCO1Config) for [Anonymous Symbol]
    stm32f4xx_rcc.o(.text.RCC_MCO2Config) refers to stm32f4xx_rcc.o(.rodata.str1.1) for .L.str.15
    stm32f4xx_rcc.o(.text.RCC_MCO2Config) refers to libs.o(.text.__aeabi_assert) for __aeabi_assert
    stm32f4xx_rcc.o(.ARM.exidx.text.RCC_MCO2Config) refers to stm32f4xx_rcc.o(.text.RCC_MCO2Config) for [Anonymous Symbol]
    stm32f4xx_rcc.o(.text.RCC_SYSCLKConfig) refers to stm32f4xx_rcc.o(.rodata.str1.1) for .L.str.17
    stm32f4xx_rcc.o(.text.RCC_SYSCLKConfig) refers to libs.o(.text.__aeabi_assert) for __aeabi_assert
    stm32f4xx_rcc.o(.ARM.exidx.text.RCC_SYSCLKConfig) refers to stm32f4xx_rcc.o(.text.RCC_SYSCLKConfig) for [Anonymous Symbol]
    stm32f4xx_rcc.o(.ARM.exidx.text.RCC_GetSYSCLKSource) refers to stm32f4xx_rcc.o(.text.RCC_GetSYSCLKSource) for [Anonymous Symbol]
    stm32f4xx_rcc.o(.text.RCC_HCLKConfig) refers to stm32f4xx_rcc.o(.rodata.str1.1) for .L.str.18
    stm32f4xx_rcc.o(.text.RCC_HCLKConfig) refers to libs.o(.text.__aeabi_assert) for __aeabi_assert
    stm32f4xx_rcc.o(.ARM.exidx.text.RCC_HCLKConfig) refers to stm32f4xx_rcc.o(.text.RCC_HCLKConfig) for [Anonymous Symbol]
    stm32f4xx_rcc.o(.text.RCC_PCLK1Config) refers to stm32f4xx_rcc.o(.rodata.str1.1) for .L.str.19
    stm32f4xx_rcc.o(.text.RCC_PCLK1Config) refers to libs.o(.text.__aeabi_assert) for __aeabi_assert
    stm32f4xx_rcc.o(.ARM.exidx.text.RCC_PCLK1Config) refers to stm32f4xx_rcc.o(.text.RCC_PCLK1Config) for [Anonymous Symbol]
    stm32f4xx_rcc.o(.text.RCC_PCLK2Config) refers to stm32f4xx_rcc.o(.rodata.str1.1) for .L.str.19
    stm32f4xx_rcc.o(.text.RCC_PCLK2Config) refers to libs.o(.text.__aeabi_assert) for __aeabi_assert
    stm32f4xx_rcc.o(.ARM.exidx.text.RCC_PCLK2Config) refers to stm32f4xx_rcc.o(.text.RCC_PCLK2Config) for [Anonymous Symbol]
    stm32f4xx_rcc.o(.text.RCC_GetClocksFreq) refers to stm32f4xx_rcc.o(.rodata.APBAHBPrescTable) for APBAHBPrescTable
    stm32f4xx_rcc.o(.ARM.exidx.text.RCC_GetClocksFreq) refers to stm32f4xx_rcc.o(.text.RCC_GetClocksFreq) for [Anonymous Symbol]
    stm32f4xx_rcc.o(.text.RCC_RTCCLKConfig) refers to stm32f4xx_rcc.o(.rodata.str1.1) for .L.str.20
    stm32f4xx_rcc.o(.text.RCC_RTCCLKConfig) refers to libs.o(.text.__aeabi_assert) for __aeabi_assert
    stm32f4xx_rcc.o(.ARM.exidx.text.RCC_RTCCLKConfig) refers to stm32f4xx_rcc.o(.text.RCC_RTCCLKConfig) for [Anonymous Symbol]
    stm32f4xx_rcc.o(.text.RCC_RTCCLKCmd) refers to stm32f4xx_rcc.o(.rodata.str1.1) for .L.str.3
    stm32f4xx_rcc.o(.text.RCC_RTCCLKCmd) refers to libs.o(.text.__aeabi_assert) for __aeabi_assert
    stm32f4xx_rcc.o(.ARM.exidx.text.RCC_RTCCLKCmd) refers to stm32f4xx_rcc.o(.text.RCC_RTCCLKCmd) for [Anonymous Symbol]
    stm32f4xx_rcc.o(.text.RCC_BackupResetCmd) refers to stm32f4xx_rcc.o(.rodata.str1.1) for .L.str.3
    stm32f4xx_rcc.o(.text.RCC_BackupResetCmd) refers to libs.o(.text.__aeabi_assert) for __aeabi_assert
    stm32f4xx_rcc.o(.ARM.exidx.text.RCC_BackupResetCmd) refers to stm32f4xx_rcc.o(.text.RCC_BackupResetCmd) for [Anonymous Symbol]
    stm32f4xx_rcc.o(.text.RCC_I2SCLKConfig) refers to stm32f4xx_rcc.o(.rodata.str1.1) for .L.str.21
    stm32f4xx_rcc.o(.text.RCC_I2SCLKConfig) refers to libs.o(.text.__aeabi_assert) for __aeabi_assert
    stm32f4xx_rcc.o(.ARM.exidx.text.RCC_I2SCLKConfig) refers to stm32f4xx_rcc.o(.text.RCC_I2SCLKConfig) for [Anonymous Symbol]
    stm32f4xx_rcc.o(.text.RCC_TIMCLKPresConfig) refers to stm32f4xx_rcc.o(.rodata.str1.1) for .L.str.22
    stm32f4xx_rcc.o(.text.RCC_TIMCLKPresConfig) refers to libs.o(.text.__aeabi_assert) for __aeabi_assert
    stm32f4xx_rcc.o(.ARM.exidx.text.RCC_TIMCLKPresConfig) refers to stm32f4xx_rcc.o(.text.RCC_TIMCLKPresConfig) for [Anonymous Symbol]
    stm32f4xx_rcc.o(.text.RCC_AHB1PeriphClockCmd) refers to stm32f4xx_rcc.o(.rodata.str1.1) for .L.str.23
    stm32f4xx_rcc.o(.text.RCC_AHB1PeriphClockCmd) refers to libs.o(.text.__aeabi_assert) for __aeabi_assert
    stm32f4xx_rcc.o(.ARM.exidx.text.RCC_AHB1PeriphClockCmd) refers to stm32f4xx_rcc.o(.text.RCC_AHB1PeriphClockCmd) for [Anonymous Symbol]
    stm32f4xx_rcc.o(.text.RCC_AHB2PeriphClockCmd) refers to stm32f4xx_rcc.o(.rodata.str1.1) for .L.str.24
    stm32f4xx_rcc.o(.text.RCC_AHB2PeriphClockCmd) refers to libs.o(.text.__aeabi_assert) for __aeabi_assert
    stm32f4xx_rcc.o(.ARM.exidx.text.RCC_AHB2PeriphClockCmd) refers to stm32f4xx_rcc.o(.text.RCC_AHB2PeriphClockCmd) for [Anonymous Symbol]
    stm32f4xx_rcc.o(.text.RCC_APB1PeriphClockCmd) refers to stm32f4xx_rcc.o(.rodata.str1.1) for .L.str.25
    stm32f4xx_rcc.o(.text.RCC_APB1PeriphClockCmd) refers to libs.o(.text.__aeabi_assert) for __aeabi_assert
    stm32f4xx_rcc.o(.ARM.exidx.text.RCC_APB1PeriphClockCmd) refers to stm32f4xx_rcc.o(.text.RCC_APB1PeriphClockCmd) for [Anonymous Symbol]
    stm32f4xx_rcc.o(.text.RCC_APB2PeriphClockCmd) refers to stm32f4xx_rcc.o(.rodata.str1.1) for .L.str.26
    stm32f4xx_rcc.o(.text.RCC_APB2PeriphClockCmd) refers to libs.o(.text.__aeabi_assert) for __aeabi_assert
    stm32f4xx_rcc.o(.ARM.exidx.text.RCC_APB2PeriphClockCmd) refers to stm32f4xx_rcc.o(.text.RCC_APB2PeriphClockCmd) for [Anonymous Symbol]
    stm32f4xx_rcc.o(.text.RCC_AHB1PeriphResetCmd) refers to stm32f4xx_rcc.o(.rodata.str1.1) for .L.str.27
    stm32f4xx_rcc.o(.text.RCC_AHB1PeriphResetCmd) refers to libs.o(.text.__aeabi_assert) for __aeabi_assert
    stm32f4xx_rcc.o(.ARM.exidx.text.RCC_AHB1PeriphResetCmd) refers to stm32f4xx_rcc.o(.text.RCC_AHB1PeriphResetCmd) for [Anonymous Symbol]
    stm32f4xx_rcc.o(.text.RCC_AHB2PeriphResetCmd) refers to stm32f4xx_rcc.o(.rodata.str1.1) for .L.str.24
    stm32f4xx_rcc.o(.text.RCC_AHB2PeriphResetCmd) refers to libs.o(.text.__aeabi_assert) for __aeabi_assert
    stm32f4xx_rcc.o(.ARM.exidx.text.RCC_AHB2PeriphResetCmd) refers to stm32f4xx_rcc.o(.text.RCC_AHB2PeriphResetCmd) for [Anonymous Symbol]
    stm32f4xx_rcc.o(.text.RCC_APB1PeriphResetCmd) refers to stm32f4xx_rcc.o(.rodata.str1.1) for .L.str.25
    stm32f4xx_rcc.o(.text.RCC_APB1PeriphResetCmd) refers to libs.o(.text.__aeabi_assert) for __aeabi_assert
    stm32f4xx_rcc.o(.ARM.exidx.text.RCC_APB1PeriphResetCmd) refers to stm32f4xx_rcc.o(.text.RCC_APB1PeriphResetCmd) for [Anonymous Symbol]
    stm32f4xx_rcc.o(.text.RCC_APB2PeriphResetCmd) refers to stm32f4xx_rcc.o(.rodata.str1.1) for .L.str.28
    stm32f4xx_rcc.o(.text.RCC_APB2PeriphResetCmd) refers to libs.o(.text.__aeabi_assert) for __aeabi_assert
    stm32f4xx_rcc.o(.ARM.exidx.text.RCC_APB2PeriphResetCmd) refers to stm32f4xx_rcc.o(.text.RCC_APB2PeriphResetCmd) for [Anonymous Symbol]
    stm32f4xx_rcc.o(.text.RCC_AHB1PeriphClockLPModeCmd) refers to stm32f4xx_rcc.o(.rodata.str1.1) for .L.str.29
    stm32f4xx_rcc.o(.text.RCC_AHB1PeriphClockLPModeCmd) refers to libs.o(.text.__aeabi_assert) for __aeabi_assert
    stm32f4xx_rcc.o(.ARM.exidx.text.RCC_AHB1PeriphClockLPModeCmd) refers to stm32f4xx_rcc.o(.text.RCC_AHB1PeriphClockLPModeCmd) for [Anonymous Symbol]
    stm32f4xx_rcc.o(.text.RCC_AHB2PeriphClockLPModeCmd) refers to stm32f4xx_rcc.o(.rodata.str1.1) for .L.str.24
    stm32f4xx_rcc.o(.text.RCC_AHB2PeriphClockLPModeCmd) refers to libs.o(.text.__aeabi_assert) for __aeabi_assert
    stm32f4xx_rcc.o(.ARM.exidx.text.RCC_AHB2PeriphClockLPModeCmd) refers to stm32f4xx_rcc.o(.text.RCC_AHB2PeriphClockLPModeCmd) for [Anonymous Symbol]
    stm32f4xx_rcc.o(.text.RCC_APB1PeriphClockLPModeCmd) refers to stm32f4xx_rcc.o(.rodata.str1.1) for .L.str.25
    stm32f4xx_rcc.o(.text.RCC_APB1PeriphClockLPModeCmd) refers to libs.o(.text.__aeabi_assert) for __aeabi_assert
    stm32f4xx_rcc.o(.ARM.exidx.text.RCC_APB1PeriphClockLPModeCmd) refers to stm32f4xx_rcc.o(.text.RCC_APB1PeriphClockLPModeCmd) for [Anonymous Symbol]
    stm32f4xx_rcc.o(.text.RCC_APB2PeriphClockLPModeCmd) refers to stm32f4xx_rcc.o(.rodata.str1.1) for .L.str.26
    stm32f4xx_rcc.o(.text.RCC_APB2PeriphClockLPModeCmd) refers to libs.o(.text.__aeabi_assert) for __aeabi_assert
    stm32f4xx_rcc.o(.ARM.exidx.text.RCC_APB2PeriphClockLPModeCmd) refers to stm32f4xx_rcc.o(.text.RCC_APB2PeriphClockLPModeCmd) for [Anonymous Symbol]
    stm32f4xx_rcc.o(.text.RCC_LSEModeConfig) refers to stm32f4xx_rcc.o(.rodata.str1.1) for .L.str.30
    stm32f4xx_rcc.o(.text.RCC_LSEModeConfig) refers to libs.o(.text.__aeabi_assert) for __aeabi_assert
    stm32f4xx_rcc.o(.ARM.exidx.text.RCC_LSEModeConfig) refers to stm32f4xx_rcc.o(.text.RCC_LSEModeConfig) for [Anonymous Symbol]
    stm32f4xx_rcc.o(.text.RCC_ITConfig) refers to stm32f4xx_rcc.o(.rodata.str1.1) for .L.str.31
    stm32f4xx_rcc.o(.text.RCC_ITConfig) refers to libs.o(.text.__aeabi_assert) for __aeabi_assert
    stm32f4xx_rcc.o(.ARM.exidx.text.RCC_ITConfig) refers to stm32f4xx_rcc.o(.text.RCC_ITConfig) for [Anonymous Symbol]
    stm32f4xx_rcc.o(.ARM.exidx.text.RCC_ClearFlag) refers to stm32f4xx_rcc.o(.text.RCC_ClearFlag) for [Anonymous Symbol]
    stm32f4xx_rcc.o(.text.RCC_GetITStatus) refers to stm32f4xx_rcc.o(.rodata.str1.1) for .L.str.33
    stm32f4xx_rcc.o(.text.RCC_GetITStatus) refers to libs.o(.text.__aeabi_assert) for __aeabi_assert
    stm32f4xx_rcc.o(.ARM.exidx.text.RCC_GetITStatus) refers to stm32f4xx_rcc.o(.text.RCC_GetITStatus) for [Anonymous Symbol]
    stm32f4xx_rcc.o(.text.RCC_ClearITPendingBit) refers to stm32f4xx_rcc.o(.rodata.str1.1) for .L.str.34
    stm32f4xx_rcc.o(.text.RCC_ClearITPendingBit) refers to libs.o(.text.__aeabi_assert) for __aeabi_assert
    stm32f4xx_rcc.o(.ARM.exidx.text.RCC_ClearITPendingBit) refers to stm32f4xx_rcc.o(.text.RCC_ClearITPendingBit) for [Anonymous Symbol]
    startup_stm32f40_41xxx.o(RESET) refers to startup_stm32f40_41xxx.o(STACK) for __initial_sp
    startup_stm32f40_41xxx.o(RESET) refers to startup_stm32f40_41xxx.o(.text) for Reset_Handler
    startup_stm32f40_41xxx.o(.text) refers to rcc_1.o(.text.rcc_init) for rcc_init
    startup_stm32f40_41xxx.o(.text) refers to entry.o(.ARM.Collect$$$$00000000) for __main
    system_stm32f4xx.o(.text.SystemInit) refers to system_stm32f4xx.o(.text.SetSysClock) for SetSysClock
    system_stm32f4xx.o(.ARM.exidx.text.SystemInit) refers to system_stm32f4xx.o(.text.SystemInit) for [Anonymous Symbol]
    system_stm32f4xx.o(.ARM.exidx.text.SetSysClock) refers to system_stm32f4xx.o(.text.SetSysClock) for [Anonymous Symbol]
    system_stm32f4xx.o(.text.SystemCoreClockUpdate) refers to system_stm32f4xx.o(.data.SystemCoreClock) for SystemCoreClock
    system_stm32f4xx.o(.text.SystemCoreClockUpdate) refers to system_stm32f4xx.o(.rodata.AHBPrescTable) for AHBPrescTable
    system_stm32f4xx.o(.ARM.exidx.text.SystemCoreClockUpdate) refers to system_stm32f4xx.o(.text.SystemCoreClockUpdate) for [Anonymous Symbol]
    main.o(.text.main) refers to driver.o(.text.driver_init) for driver_init
    main.o(.text.main) refers to main.o(.rodata.str1.1) for .L.str
    main.o(.text.main) refers to printfa.o(i.__0printf) for printf
    main.o(.text.main) refers to led.o(.text.led) for led
    main.o(.text.main) refers to delay.o(.text.delay_ms) for delay_ms
    main.o(.ARM.exidx.text.main) refers to main.o(.text.main) for [Anonymous Symbol]
    libs.o(.text.__aeabi_assert) refers to libs.o(.rodata.str1.1) for .L.str
    libs.o(.text.__aeabi_assert) refers to printfa.o(i.__0printf) for printf
    libs.o(.ARM.exidx.text.__aeabi_assert) refers to libs.o(.text.__aeabi_assert) for [Anonymous Symbol]
    usart.o(.ARM.exidx.text.fputc) refers to usart.o(.text.fputc) for [Anonymous Symbol]
    usart.o(.text.usart_init) refers to stm32f4xx_rcc.o(.text.RCC_GetClocksFreq) for RCC_GetClocksFreq
    usart.o(.text.usart_init) refers to gpio_config.o(.text.usart_gpio_init) for usart_gpio_init
    usart.o(.ARM.exidx.text.usart_init) refers to usart.o(.text.usart_init) for [Anonymous Symbol]
    driver.o(.text.driver_init) refers to gpio_config.o(.text.gpio_init) for gpio_init
    driver.o(.text.driver_init) refers to usart.o(.text.usart_init) for usart_init
    driver.o(.ARM.exidx.text.driver_init) refers to driver.o(.text.driver_init) for [Anonymous Symbol]
    delay.o(.ARM.exidx.text.delay_ms) refers to delay.o(.text.delay_ms) for [Anonymous Symbol]
    rcc_1.o(.ARM.exidx.text.rcc_init) refers to rcc_1.o(.text.rcc_init) for [Anonymous Symbol]
    gpio_config.o(.ARM.exidx.text.gpio_init) refers to gpio_config.o(.text.gpio_init) for [Anonymous Symbol]
    gpio_config.o(.ARM.exidx.text.usart_gpio_init) refers to gpio_config.o(.text.usart_gpio_init) for [Anonymous Symbol]
    led.o(.ARM.exidx.text.led) refers to led.o(.text.led) for [Anonymous Symbol]
    entry.o(.ARM.Collect$$$$00000000) refers (Special) to entry10a.o(.ARM.Collect$$$$0000000D) for __rt_final_cpp
    entry.o(.ARM.Collect$$$$00000000) refers (Special) to entry11a.o(.ARM.Collect$$$$0000000F) for __rt_final_exit
    entry.o(.ARM.Collect$$$$00000000) refers (Special) to entry7b.o(.ARM.Collect$$$$00000008) for _main_clock
    entry.o(.ARM.Collect$$$$00000000) refers (Special) to entry8b.o(.ARM.Collect$$$$0000000A) for _main_cpp_init
    entry.o(.ARM.Collect$$$$00000000) refers (Special) to entry9a.o(.ARM.Collect$$$$0000000B) for _main_init
    entry.o(.ARM.Collect$$$$00000000) refers (Special) to entry5.o(.ARM.Collect$$$$00000004) for _main_scatterload
    entry.o(.ARM.Collect$$$$00000000) refers (Special) to entry2.o(.ARM.Collect$$$$00000001) for _main_stk
    printfa.o(i.__0fprintf) refers (Special) to iusefp.o(.text) for __I$use$fp
    printfa.o(i.__0fprintf) refers to printfa.o(i._printf_core) for _printf_core
    printfa.o(i.__0fprintf) refers to usart.o(.text.fputc) for fputc
    printfa.o(i.__0printf) refers (Special) to iusefp.o(.text) for __I$use$fp
    printfa.o(i.__0printf) refers to printfa.o(i._printf_core) for _printf_core
    printfa.o(i.__0printf) refers to usart.o(.text.fputc) for fputc
    printfa.o(i.__0printf) refers to stdout.o(.data) for __stdout
    printfa.o(i.__0snprintf) refers (Special) to iusefp.o(.text) for __I$use$fp
    printfa.o(i.__0snprintf) refers to printfa.o(i._printf_core) for _printf_core
    printfa.o(i.__0snprintf) refers to printfa.o(i._snputc) for _snputc
    printfa.o(i.__0sprintf) refers (Special) to iusefp.o(.text) for __I$use$fp
    printfa.o(i.__0sprintf) refers to printfa.o(i._printf_core) for _printf_core
    printfa.o(i.__0sprintf) refers to printfa.o(i._sputc) for _sputc
    printfa.o(i.__0vfprintf) refers (Special) to iusefp.o(.text) for __I$use$fp
    printfa.o(i.__0vfprintf) refers to printfa.o(i._printf_core) for _printf_core
    printfa.o(i.__0vfprintf) refers to usart.o(.text.fputc) for fputc
    printfa.o(i.__0vprintf) refers (Special) to iusefp.o(.text) for __I$use$fp
    printfa.o(i.__0vprintf) refers to printfa.o(i._printf_core) for _printf_core
    printfa.o(i.__0vprintf) refers to usart.o(.text.fputc) for fputc
    printfa.o(i.__0vprintf) refers to stdout.o(.data) for __stdout
    printfa.o(i.__0vsnprintf) refers (Special) to iusefp.o(.text) for __I$use$fp
    printfa.o(i.__0vsnprintf) refers to printfa.o(i._printf_core) for _printf_core
    printfa.o(i.__0vsnprintf) refers to printfa.o(i._snputc) for _snputc
    printfa.o(i.__0vsprintf) refers (Special) to iusefp.o(.text) for __I$use$fp
    printfa.o(i.__0vsprintf) refers to printfa.o(i._printf_core) for _printf_core
    printfa.o(i.__0vsprintf) refers to printfa.o(i._sputc) for _sputc
    printfa.o(i._fp_digits) refers (Special) to iusefp.o(.text) for __I$use$fp
    printfa.o(i._fp_digits) refers to dmul.o(.text) for __aeabi_dmul
    printfa.o(i._fp_digits) refers to ddiv.o(.text) for __aeabi_ddiv
    printfa.o(i._fp_digits) refers to cdrcmple.o(.text) for __aeabi_cdrcmple
    printfa.o(i._fp_digits) refers to dadd.o(.text) for __aeabi_dadd
    printfa.o(i._fp_digits) refers to dfixul.o(.text) for __aeabi_d2ulz
    printfa.o(i._fp_digits) refers to uldiv.o(.text) for __aeabi_uldivmod
    printfa.o(i._printf_core) refers (Special) to iusefp.o(.text) for __I$use$fp
    printfa.o(i._printf_core) refers to printfa.o(i._printf_pre_padding) for _printf_pre_padding
    printfa.o(i._printf_core) refers to uldiv.o(.text) for __aeabi_uldivmod
    printfa.o(i._printf_core) refers to printfa.o(i._printf_post_padding) for _printf_post_padding
    printfa.o(i._printf_core) refers to printfa.o(i._fp_digits) for _fp_digits
    printfa.o(i._printf_core) refers to uidiv.o(.text) for __aeabi_uidivmod
    printfa.o(i._printf_post_padding) refers (Special) to iusefp.o(.text) for __I$use$fp
    printfa.o(i._printf_pre_padding) refers (Special) to iusefp.o(.text) for __I$use$fp
    printfa.o(i._snputc) refers (Special) to iusefp.o(.text) for __I$use$fp
    printfa.o(i._sputc) refers (Special) to iusefp.o(.text) for __I$use$fp
    entry2.o(.ARM.Collect$$$$00000001) refers to entry2.o(.ARM.Collect$$$$00002712) for __lit__00000000
    entry2.o(.ARM.Collect$$$$00002712) refers to startup_stm32f40_41xxx.o(STACK) for __initial_sp
    entry2.o(__vectab_stack_and_reset_area) refers to startup_stm32f40_41xxx.o(STACK) for __initial_sp
    entry2.o(__vectab_stack_and_reset_area) refers to entry.o(.ARM.Collect$$$$00000000) for __main
    entry5.o(.ARM.Collect$$$$00000004) refers to init.o(.text) for __scatterload
    entry9a.o(.ARM.Collect$$$$0000000B) refers to main.o(.text.main) for main
    entry9b.o(.ARM.Collect$$$$0000000C) refers to main.o(.text.main) for main
    uldiv.o(.text) refers to llushr.o(.text) for __aeabi_llsr
    uldiv.o(.text) refers to llshl.o(.text) for __aeabi_llsl
    dadd.o(.text) refers (Special) to iusefp.o(.text) for __I$use$fp
    dadd.o(.text) refers to llshl.o(.text) for __aeabi_llsl
    dadd.o(.text) refers to llsshr.o(.text) for __aeabi_lasr
    dadd.o(.text) refers to depilogue.o(.text) for _double_epilogue
    dmul.o(.text) refers (Special) to iusefp.o(.text) for __I$use$fp
    dmul.o(.text) refers to depilogue.o(.text) for _double_epilogue
    ddiv.o(.text) refers (Special) to iusefp.o(.text) for __I$use$fp
    ddiv.o(.text) refers to depilogue.o(.text) for _double_round
    dfixul.o(.text) refers (Special) to iusefp.o(.text) for __I$use$fp
    dfixul.o(.text) refers to llushr.o(.text) for __aeabi_llsr
    dfixul.o(.text) refers to llshl.o(.text) for __aeabi_llsl
    cdrcmple.o(.text) refers (Special) to iusefp.o(.text) for __I$use$fp
    init.o(.text) refers to entry5.o(.ARM.Collect$$$$00000004) for __main_after_scatterload
    depilogue.o(.text) refers (Special) to iusefp.o(.text) for __I$use$fp
    depilogue.o(.text) refers to llshl.o(.text) for __aeabi_llsl
    depilogue.o(.text) refers to llushr.o(.text) for __aeabi_llsr


==============================================================================

Removing Unused input sections from the image.

    Removing misc.o(.text), (0 bytes).
    Removing misc.o(.text.NVIC_PriorityGroupConfig), (176 bytes).
    Removing misc.o(.ARM.exidx.text.NVIC_PriorityGroupConfig), (8 bytes).
    Removing misc.o(.text.NVIC_Init), (346 bytes).
    Removing misc.o(.ARM.exidx.text.NVIC_Init), (8 bytes).
    Removing misc.o(.text.NVIC_SetVectorTable), (152 bytes).
    Removing misc.o(.ARM.exidx.text.NVIC_SetVectorTable), (8 bytes).
    Removing misc.o(.text.NVIC_SystemLPConfig), (234 bytes).
    Removing misc.o(.ARM.exidx.text.NVIC_SystemLPConfig), (8 bytes).
    Removing misc.o(.text.SysTick_CLKSourceConfig), (120 bytes).
    Removing misc.o(.ARM.exidx.text.SysTick_CLKSourceConfig), (8 bytes).
    Removing misc.o(.rodata.str1.1), (421 bytes).
    Removing stm32f4xx_gpio.o(.text), (0 bytes).
    Removing stm32f4xx_gpio.o(.text.GPIO_DeInit), (474 bytes).
    Removing stm32f4xx_gpio.o(.ARM.exidx.text.GPIO_DeInit), (8 bytes).
    Removing stm32f4xx_gpio.o(.text.GPIO_Init), (934 bytes).
    Removing stm32f4xx_gpio.o(.ARM.exidx.text.GPIO_Init), (8 bytes).
    Removing stm32f4xx_gpio.o(.text.GPIO_StructInit), (34 bytes).
    Removing stm32f4xx_gpio.o(.ARM.exidx.text.GPIO_StructInit), (8 bytes).
    Removing stm32f4xx_gpio.o(.text.GPIO_PinLockConfig), (332 bytes).
    Removing stm32f4xx_gpio.o(.ARM.exidx.text.GPIO_PinLockConfig), (8 bytes).
    Removing stm32f4xx_gpio.o(.text.GPIO_ReadInputDataBit), (740 bytes).
    Removing stm32f4xx_gpio.o(.ARM.exidx.text.GPIO_ReadInputDataBit), (8 bytes).
    Removing stm32f4xx_gpio.o(.text.GPIO_ReadInputData), (256 bytes).
    Removing stm32f4xx_gpio.o(.ARM.exidx.text.GPIO_ReadInputData), (8 bytes).
    Removing stm32f4xx_gpio.o(.text.GPIO_ReadOutputDataBit), (740 bytes).
    Removing stm32f4xx_gpio.o(.ARM.exidx.text.GPIO_ReadOutputDataBit), (8 bytes).
    Removing stm32f4xx_gpio.o(.text.GPIO_ReadOutputData), (256 bytes).
    Removing stm32f4xx_gpio.o(.ARM.exidx.text.GPIO_ReadOutputData), (8 bytes).
    Removing stm32f4xx_gpio.o(.text.GPIO_SetBits), (296 bytes).
    Removing stm32f4xx_gpio.o(.ARM.exidx.text.GPIO_SetBits), (8 bytes).
    Removing stm32f4xx_gpio.o(.text.GPIO_ResetBits), (298 bytes).
    Removing stm32f4xx_gpio.o(.ARM.exidx.text.GPIO_ResetBits), (8 bytes).
    Removing stm32f4xx_gpio.o(.text.GPIO_WriteBit), (808 bytes).
    Removing stm32f4xx_gpio.o(.ARM.exidx.text.GPIO_WriteBit), (8 bytes).
    Removing stm32f4xx_gpio.o(.text.GPIO_Write), (262 bytes).
    Removing stm32f4xx_gpio.o(.ARM.exidx.text.GPIO_Write), (8 bytes).
    Removing stm32f4xx_gpio.o(.text.GPIO_ToggleBits), (266 bytes).
    Removing stm32f4xx_gpio.o(.ARM.exidx.text.GPIO_ToggleBits), (8 bytes).
    Removing stm32f4xx_gpio.o(.text.GPIO_PinAFConfig), (894 bytes).
    Removing stm32f4xx_gpio.o(.ARM.exidx.text.GPIO_PinAFConfig), (8 bytes).
    Removing stm32f4xx_gpio.o(.rodata.str1.1), (399 bytes).
    Removing stm32f4xx_usart.o(.text), (0 bytes).
    Removing stm32f4xx_usart.o(.text.USART_DeInit), (260 bytes).
    Removing stm32f4xx_usart.o(.ARM.exidx.text.USART_DeInit), (8 bytes).
    Removing stm32f4xx_usart.o(.text.USART_Init), (1248 bytes).
    Removing stm32f4xx_usart.o(.ARM.exidx.text.USART_Init), (8 bytes).
    Removing stm32f4xx_usart.o(.text.USART_StructInit), (40 bytes).
    Removing stm32f4xx_usart.o(.ARM.exidx.text.USART_StructInit), (8 bytes).
    Removing stm32f4xx_usart.o(.text.USART_ClockInit), (508 bytes).
    Removing stm32f4xx_usart.o(.ARM.exidx.text.USART_ClockInit), (8 bytes).
    Removing stm32f4xx_usart.o(.text.USART_ClockStructInit), (26 bytes).
    Removing stm32f4xx_usart.o(.ARM.exidx.text.USART_ClockStructInit), (8 bytes).
    Removing stm32f4xx_usart.o(.text.USART_Cmd), (258 bytes).
    Removing stm32f4xx_usart.o(.ARM.exidx.text.USART_Cmd), (8 bytes).
    Removing stm32f4xx_usart.o(.text.USART_SetPrescaler), (172 bytes).
    Removing stm32f4xx_usart.o(.ARM.exidx.text.USART_SetPrescaler), (8 bytes).
    Removing stm32f4xx_usart.o(.text.USART_OverSampling8Cmd), (256 bytes).
    Removing stm32f4xx_usart.o(.ARM.exidx.text.USART_OverSampling8Cmd), (8 bytes).
    Removing stm32f4xx_usart.o(.text.USART_OneBitMethodCmd), (258 bytes).
    Removing stm32f4xx_usart.o(.ARM.exidx.text.USART_OneBitMethodCmd), (8 bytes).
    Removing stm32f4xx_usart.o(.text.USART_SendData), (200 bytes).
    Removing stm32f4xx_usart.o(.ARM.exidx.text.USART_SendData), (8 bytes).
    Removing stm32f4xx_usart.o(.text.USART_ReceiveData), (154 bytes).
    Removing stm32f4xx_usart.o(.ARM.exidx.text.USART_ReceiveData), (8 bytes).
    Removing stm32f4xx_usart.o(.text.USART_SetAddress), (210 bytes).
    Removing stm32f4xx_usart.o(.ARM.exidx.text.USART_SetAddress), (8 bytes).
    Removing stm32f4xx_usart.o(.text.USART_ReceiverWakeUpCmd), (258 bytes).
    Removing stm32f4xx_usart.o(.ARM.exidx.text.USART_ReceiverWakeUpCmd), (8 bytes).
    Removing stm32f4xx_usart.o(.text.USART_WakeUpConfig), (252 bytes).
    Removing stm32f4xx_usart.o(.ARM.exidx.text.USART_WakeUpConfig), (8 bytes).
    Removing stm32f4xx_usart.o(.text.USART_LINBreakDetectLengthConfig), (248 bytes).
    Removing stm32f4xx_usart.o(.ARM.exidx.text.USART_LINBreakDetectLengthConfig), (8 bytes).
    Removing stm32f4xx_usart.o(.text.USART_LINCmd), (258 bytes).
    Removing stm32f4xx_usart.o(.ARM.exidx.text.USART_LINCmd), (8 bytes).
    Removing stm32f4xx_usart.o(.text.USART_SendBreak), (156 bytes).
    Removing stm32f4xx_usart.o(.ARM.exidx.text.USART_SendBreak), (8 bytes).
    Removing stm32f4xx_usart.o(.text.USART_HalfDuplexCmd), (258 bytes).
    Removing stm32f4xx_usart.o(.ARM.exidx.text.USART_HalfDuplexCmd), (8 bytes).
    Removing stm32f4xx_usart.o(.text.USART_SetGuardTime), (174 bytes).
    Removing stm32f4xx_usart.o(.ARM.exidx.text.USART_SetGuardTime), (8 bytes).
    Removing stm32f4xx_usart.o(.text.USART_SmartCardCmd), (258 bytes).
    Removing stm32f4xx_usart.o(.ARM.exidx.text.USART_SmartCardCmd), (8 bytes).
    Removing stm32f4xx_usart.o(.text.USART_SmartCardNACKCmd), (258 bytes).
    Removing stm32f4xx_usart.o(.ARM.exidx.text.USART_SmartCardNACKCmd), (8 bytes).
    Removing stm32f4xx_usart.o(.text.USART_IrDAConfig), (248 bytes).
    Removing stm32f4xx_usart.o(.ARM.exidx.text.USART_IrDAConfig), (8 bytes).
    Removing stm32f4xx_usart.o(.text.USART_IrDACmd), (258 bytes).
    Removing stm32f4xx_usart.o(.ARM.exidx.text.USART_IrDACmd), (8 bytes).
    Removing stm32f4xx_usart.o(.text.USART_DMACmd), (348 bytes).
    Removing stm32f4xx_usart.o(.ARM.exidx.text.USART_DMACmd), (8 bytes).
    Removing stm32f4xx_usart.o(.text.USART_ITConfig), (766 bytes).
    Removing stm32f4xx_usart.o(.ARM.exidx.text.USART_ITConfig), (8 bytes).
    Removing stm32f4xx_usart.o(.text.USART_GetFlagStatus), (620 bytes).
    Removing stm32f4xx_usart.o(.ARM.exidx.text.USART_GetFlagStatus), (8 bytes).
    Removing stm32f4xx_usart.o(.text.USART_ClearFlag), (398 bytes).
    Removing stm32f4xx_usart.o(.ARM.exidx.text.USART_ClearFlag), (8 bytes).
    Removing stm32f4xx_usart.o(.text.USART_GetITStatus), (842 bytes).
    Removing stm32f4xx_usart.o(.ARM.exidx.text.USART_GetITStatus), (8 bytes).
    Removing stm32f4xx_usart.o(.text.USART_ClearITPendingBit), (504 bytes).
    Removing stm32f4xx_usart.o(.ARM.exidx.text.USART_ClearITPendingBit), (8 bytes).
    Removing stm32f4xx_usart.o(.rodata.str1.1), (1006 bytes).
    Removing stm32f4xx_rcc.o(.text), (0 bytes).
    Removing stm32f4xx_rcc.o(.text.RCC_DeInit), (108 bytes).
    Removing stm32f4xx_rcc.o(.ARM.exidx.text.RCC_DeInit), (8 bytes).
    Removing stm32f4xx_rcc.o(.text.RCC_HSEConfig), (126 bytes).
    Removing stm32f4xx_rcc.o(.ARM.exidx.text.RCC_HSEConfig), (8 bytes).
    Removing stm32f4xx_rcc.o(.text.RCC_WaitForHSEStartUp), (110 bytes).
    Removing stm32f4xx_rcc.o(.ARM.exidx.text.RCC_WaitForHSEStartUp), (8 bytes).
    Removing stm32f4xx_rcc.o(.text.RCC_GetFlagStatus), (496 bytes).
    Removing stm32f4xx_rcc.o(.ARM.exidx.text.RCC_GetFlagStatus), (8 bytes).
    Removing stm32f4xx_rcc.o(.text.RCC_AdjustHSICalibrationValue), (86 bytes).
    Removing stm32f4xx_rcc.o(.ARM.exidx.text.RCC_AdjustHSICalibrationValue), (8 bytes).
    Removing stm32f4xx_rcc.o(.text.RCC_HSICmd), (96 bytes).
    Removing stm32f4xx_rcc.o(.ARM.exidx.text.RCC_HSICmd), (8 bytes).
    Removing stm32f4xx_rcc.o(.text.RCC_LSEConfig), (174 bytes).
    Removing stm32f4xx_rcc.o(.ARM.exidx.text.RCC_LSEConfig), (8 bytes).
    Removing stm32f4xx_rcc.o(.text.RCC_LSICmd), (98 bytes).
    Removing stm32f4xx_rcc.o(.ARM.exidx.text.RCC_LSICmd), (8 bytes).
    Removing stm32f4xx_rcc.o(.text.RCC_PLLConfig), (420 bytes).
    Removing stm32f4xx_rcc.o(.ARM.exidx.text.RCC_PLLConfig), (8 bytes).
    Removing stm32f4xx_rcc.o(.text.RCC_PLLCmd), (96 bytes).
    Removing stm32f4xx_rcc.o(.ARM.exidx.text.RCC_PLLCmd), (8 bytes).
    Removing stm32f4xx_rcc.o(.text.RCC_PLLI2SConfig), (250 bytes).
    Removing stm32f4xx_rcc.o(.ARM.exidx.text.RCC_PLLI2SConfig), (8 bytes).
    Removing stm32f4xx_rcc.o(.text.RCC_PLLI2SCmd), (96 bytes).
    Removing stm32f4xx_rcc.o(.ARM.exidx.text.RCC_PLLI2SCmd), (8 bytes).
    Removing stm32f4xx_rcc.o(.text.RCC_PLLSAICmd), (96 bytes).
    Removing stm32f4xx_rcc.o(.ARM.exidx.text.RCC_PLLSAICmd), (8 bytes).
    Removing stm32f4xx_rcc.o(.text.RCC_ClockSecuritySystemCmd), (96 bytes).
    Removing stm32f4xx_rcc.o(.ARM.exidx.text.RCC_ClockSecuritySystemCmd), (8 bytes).
    Removing stm32f4xx_rcc.o(.text.RCC_MCO1Config), (310 bytes).
    Removing stm32f4xx_rcc.o(.ARM.exidx.text.RCC_MCO1Config), (8 bytes).
    Removing stm32f4xx_rcc.o(.text.RCC_MCO2Config), (310 bytes).
    Removing stm32f4xx_rcc.o(.ARM.exidx.text.RCC_MCO2Config), (8 bytes).
    Removing stm32f4xx_rcc.o(.text.RCC_SYSCLKConfig), (130 bytes).
    Removing stm32f4xx_rcc.o(.ARM.exidx.text.RCC_SYSCLKConfig), (8 bytes).
    Removing stm32f4xx_rcc.o(.text.RCC_GetSYSCLKSource), (16 bytes).
    Removing stm32f4xx_rcc.o(.ARM.exidx.text.RCC_GetSYSCLKSource), (8 bytes).
    Removing stm32f4xx_rcc.o(.text.RCC_HCLKConfig), (250 bytes).
    Removing stm32f4xx_rcc.o(.ARM.exidx.text.RCC_HCLKConfig), (8 bytes).
    Removing stm32f4xx_rcc.o(.text.RCC_PCLK1Config), (186 bytes).
    Removing stm32f4xx_rcc.o(.ARM.exidx.text.RCC_PCLK1Config), (8 bytes).
    Removing stm32f4xx_rcc.o(.text.RCC_PCLK2Config), (188 bytes).
    Removing stm32f4xx_rcc.o(.ARM.exidx.text.RCC_PCLK2Config), (8 bytes).
    Removing stm32f4xx_rcc.o(.ARM.exidx.text.RCC_GetClocksFreq), (8 bytes).
    Removing stm32f4xx_rcc.o(.text.RCC_RTCCLKConfig), (1318 bytes).
    Removing stm32f4xx_rcc.o(.ARM.exidx.text.RCC_RTCCLKConfig), (8 bytes).
    Removing stm32f4xx_rcc.o(.text.RCC_RTCCLKCmd), (98 bytes).
    Removing stm32f4xx_rcc.o(.ARM.exidx.text.RCC_RTCCLKCmd), (8 bytes).
    Removing stm32f4xx_rcc.o(.text.RCC_BackupResetCmd), (98 bytes).
    Removing stm32f4xx_rcc.o(.ARM.exidx.text.RCC_BackupResetCmd), (8 bytes).
    Removing stm32f4xx_rcc.o(.text.RCC_I2SCLKConfig), (86 bytes).
    Removing stm32f4xx_rcc.o(.ARM.exidx.text.RCC_I2SCLKConfig), (8 bytes).
    Removing stm32f4xx_rcc.o(.text.RCC_TIMCLKPresConfig), (86 bytes).
    Removing stm32f4xx_rcc.o(.ARM.exidx.text.RCC_TIMCLKPresConfig), (8 bytes).
    Removing stm32f4xx_rcc.o(.text.RCC_AHB1PeriphClockCmd), (212 bytes).
    Removing stm32f4xx_rcc.o(.ARM.exidx.text.RCC_AHB1PeriphClockCmd), (8 bytes).
    Removing stm32f4xx_rcc.o(.text.RCC_AHB2PeriphClockCmd), (204 bytes).
    Removing stm32f4xx_rcc.o(.ARM.exidx.text.RCC_AHB2PeriphClockCmd), (8 bytes).
    Removing stm32f4xx_rcc.o(.text.RCC_APB1PeriphClockCmd), (204 bytes).
    Removing stm32f4xx_rcc.o(.ARM.exidx.text.RCC_APB1PeriphClockCmd), (8 bytes).
    Removing stm32f4xx_rcc.o(.text.RCC_APB2PeriphClockCmd), (208 bytes).
    Removing stm32f4xx_rcc.o(.ARM.exidx.text.RCC_APB2PeriphClockCmd), (8 bytes).
    Removing stm32f4xx_rcc.o(.text.RCC_AHB1PeriphResetCmd), (212 bytes).
    Removing stm32f4xx_rcc.o(.ARM.exidx.text.RCC_AHB1PeriphResetCmd), (8 bytes).
    Removing stm32f4xx_rcc.o(.text.RCC_AHB2PeriphResetCmd), (204 bytes).
    Removing stm32f4xx_rcc.o(.ARM.exidx.text.RCC_AHB2PeriphResetCmd), (8 bytes).
    Removing stm32f4xx_rcc.o(.text.RCC_APB1PeriphResetCmd), (204 bytes).
    Removing stm32f4xx_rcc.o(.ARM.exidx.text.RCC_APB1PeriphResetCmd), (8 bytes).
    Removing stm32f4xx_rcc.o(.text.RCC_APB2PeriphResetCmd), (212 bytes).
    Removing stm32f4xx_rcc.o(.ARM.exidx.text.RCC_APB2PeriphResetCmd), (8 bytes).
    Removing stm32f4xx_rcc.o(.text.RCC_AHB1PeriphClockLPModeCmd), (212 bytes).
    Removing stm32f4xx_rcc.o(.ARM.exidx.text.RCC_AHB1PeriphClockLPModeCmd), (8 bytes).
    Removing stm32f4xx_rcc.o(.text.RCC_AHB2PeriphClockLPModeCmd), (204 bytes).
    Removing stm32f4xx_rcc.o(.ARM.exidx.text.RCC_AHB2PeriphClockLPModeCmd), (8 bytes).
    Removing stm32f4xx_rcc.o(.text.RCC_APB1PeriphClockLPModeCmd), (204 bytes).
    Removing stm32f4xx_rcc.o(.ARM.exidx.text.RCC_APB1PeriphClockLPModeCmd), (8 bytes).
    Removing stm32f4xx_rcc.o(.text.RCC_APB2PeriphClockLPModeCmd), (208 bytes).
    Removing stm32f4xx_rcc.o(.ARM.exidx.text.RCC_APB2PeriphClockLPModeCmd), (8 bytes).
    Removing stm32f4xx_rcc.o(.text.RCC_LSEModeConfig), (130 bytes).
    Removing stm32f4xx_rcc.o(.ARM.exidx.text.RCC_LSEModeConfig), (8 bytes).
    Removing stm32f4xx_rcc.o(.text.RCC_ITConfig), (214 bytes).
    Removing stm32f4xx_rcc.o(.ARM.exidx.text.RCC_ITConfig), (8 bytes).
    Removing stm32f4xx_rcc.o(.text.RCC_ClearFlag), (18 bytes).
    Removing stm32f4xx_rcc.o(.ARM.exidx.text.RCC_ClearFlag), (8 bytes).
    Removing stm32f4xx_rcc.o(.text.RCC_GetITStatus), (278 bytes).
    Removing stm32f4xx_rcc.o(.ARM.exidx.text.RCC_GetITStatus), (8 bytes).
    Removing stm32f4xx_rcc.o(.text.RCC_ClearITPendingBit), (58 bytes).
    Removing stm32f4xx_rcc.o(.ARM.exidx.text.RCC_ClearITPendingBit), (8 bytes).
    Removing stm32f4xx_rcc.o(.rodata.str1.1), (1084 bytes).
    Removing startup_stm32f40_41xxx.o(HEAP), (512 bytes).
    Removing system_stm32f4xx.o(.text), (0 bytes).
    Removing system_stm32f4xx.o(.text.SystemInit), (116 bytes).
    Removing system_stm32f4xx.o(.ARM.exidx.text.SystemInit), (8 bytes).
    Removing system_stm32f4xx.o(.text.SetSysClock), (176 bytes).
    Removing system_stm32f4xx.o(.ARM.exidx.text.SetSysClock), (8 bytes).
    Removing system_stm32f4xx.o(.text.SystemCoreClockUpdate), (268 bytes).
    Removing system_stm32f4xx.o(.ARM.exidx.text.SystemCoreClockUpdate), (8 bytes).
    Removing system_stm32f4xx.o(.data.SystemCoreClock), (4 bytes).
    Removing system_stm32f4xx.o(.rodata.AHBPrescTable), (16 bytes).
    Removing main.o(.text), (0 bytes).
    Removing main.o(.ARM.exidx.text.main), (8 bytes).
    Removing main.o(.ARM.use_no_argv), (4 bytes).
    Removing libs.o(.text), (0 bytes).
    Removing libs.o(.text.__aeabi_assert), (26 bytes).
    Removing libs.o(.ARM.exidx.text.__aeabi_assert), (8 bytes).
    Removing libs.o(.rodata.str1.1), (26 bytes).
    Removing usart.o(.text), (0 bytes).
    Removing usart.o(.ARM.exidx.text.fputc), (8 bytes).
    Removing usart.o(.ARM.exidx.text.usart_init), (8 bytes).
    Removing driver.o(.text), (0 bytes).
    Removing driver.o(.ARM.exidx.text.driver_init), (8 bytes).
    Removing delay.o(.text), (0 bytes).
    Removing delay.o(.ARM.exidx.text.delay_ms), (8 bytes).
    Removing rcc_1.o(.text), (0 bytes).
    Removing rcc_1.o(.ARM.exidx.text.rcc_init), (8 bytes).
    Removing gpio_config.o(.text), (0 bytes).
    Removing gpio_config.o(.ARM.exidx.text.gpio_init), (8 bytes).
    Removing gpio_config.o(.ARM.exidx.text.usart_gpio_init), (8 bytes).
    Removing led.o(.text), (0 bytes).
    Removing led.o(.ARM.exidx.text.led), (8 bytes).

222 unused section(s) (total 30820 bytes) removed from the image.

==============================================================================

Image Symbol Table

    Local Symbols

    Symbol Name                              Value     Ov Type        Size  Object(Section)

    ../clib/division.s                       0x00000000   Number         0  aeabi_sdiv.o ABSOLUTE
    ../clib/microlib/division.c              0x00000000   Number         0  uidiv.o ABSOLUTE
    ../clib/microlib/division.c              0x00000000   Number         0  uldiv.o ABSOLUTE
    ../clib/microlib/init/entry.s            0x00000000   Number         0  entry.o ABSOLUTE
    ../clib/microlib/init/entry.s            0x00000000   Number         0  entry2.o ABSOLUTE
    ../clib/microlib/init/entry.s            0x00000000   Number         0  entry5.o ABSOLUTE
    ../clib/microlib/init/entry.s            0x00000000   Number         0  entry7a.o ABSOLUTE
    ../clib/microlib/init/entry.s            0x00000000   Number         0  entry7b.o ABSOLUTE
    ../clib/microlib/init/entry.s            0x00000000   Number         0  entry8a.o ABSOLUTE
    ../clib/microlib/init/entry.s            0x00000000   Number         0  entry8b.o ABSOLUTE
    ../clib/microlib/init/entry.s            0x00000000   Number         0  entry9a.o ABSOLUTE
    ../clib/microlib/init/entry.s            0x00000000   Number         0  entry9b.o ABSOLUTE
    ../clib/microlib/init/entry.s            0x00000000   Number         0  entry10a.o ABSOLUTE
    ../clib/microlib/init/entry.s            0x00000000   Number         0  entry10b.o ABSOLUTE
    ../clib/microlib/init/entry.s            0x00000000   Number         0  entry11a.o ABSOLUTE
    ../clib/microlib/init/entry.s            0x00000000   Number         0  entry11b.o ABSOLUTE
    ../clib/microlib/longlong.c              0x00000000   Number         0  llshl.o ABSOLUTE
    ../clib/microlib/longlong.c              0x00000000   Number         0  llushr.o ABSOLUTE
    ../clib/microlib/longlong.c              0x00000000   Number         0  llsshr.o ABSOLUTE
    ../clib/microlib/printf/printf.c         0x00000000   Number         0  printfa.o ABSOLUTE
    ../clib/microlib/stdio/streams.c         0x00000000   Number         0  stdout.o ABSOLUTE
    ../clib/microlib/stubs.s                 0x00000000   Number         0  iusefp.o ABSOLUTE
    ../fplib/microlib/fpadd.c                0x00000000   Number         0  dadd.o ABSOLUTE
    ../fplib/microlib/fpdiv.c                0x00000000   Number         0  ddiv.o ABSOLUTE
    ../fplib/microlib/fpepilogue.c           0x00000000   Number         0  depilogue.o ABSOLUTE
    ../fplib/microlib/fpfix.c                0x00000000   Number         0  dfixul.o ABSOLUTE
    ../fplib/microlib/fpmul.c                0x00000000   Number         0  dmul.o ABSOLUTE
    ../src/arch/cmsis/Source/Templates/arm/startup_stm32f40_41xxx.s 0x00000000   Number         0  startup_stm32f40_41xxx.o ABSOLUTE
    cdrcmple.s                               0x00000000   Number         0  cdrcmple.o ABSOLUTE
    dc.s                                     0x00000000   Number         0  dc.o ABSOLUTE
    delay.c                                  0x00000000   Number         0  delay.o ABSOLUTE
    driver.c                                 0x00000000   Number         0  driver.o ABSOLUTE
    gpio_config.c                            0x00000000   Number         0  gpio_config.o ABSOLUTE
    handlers.s                               0x00000000   Number         0  handlers.o ABSOLUTE
    init.s                                   0x00000000   Number         0  init.o ABSOLUTE
    led.c                                    0x00000000   Number         0  led.o ABSOLUTE
    libs.c                                   0x00000000   Number         0  libs.o ABSOLUTE
    main.c                                   0x00000000   Number         0  main.o ABSOLUTE
    misc.c                                   0x00000000   Number         0  misc.o ABSOLUTE
    rcc.c                                    0x00000000   Number         0  rcc_1.o ABSOLUTE
    stm32f4xx_gpio.c                         0x00000000   Number         0  stm32f4xx_gpio.o ABSOLUTE
    stm32f4xx_rcc.c                          0x00000000   Number         0  stm32f4xx_rcc.o ABSOLUTE
    stm32f4xx_usart.c                        0x00000000   Number         0  stm32f4xx_usart.o ABSOLUTE
    system_stm32f4xx.c                       0x00000000   Number         0  system_stm32f4xx.o ABSOLUTE
    usart.c                                  0x00000000   Number         0  usart.o ABSOLUTE
    RESET                                    0x08000000   Section      392  startup_stm32f40_41xxx.o(RESET)
    .ARM.Collect$$$$00000000                 0x08000188   Section        0  entry.o(.ARM.Collect$$$$00000000)
    .ARM.Collect$$$$00000001                 0x08000188   Section        4  entry2.o(.ARM.Collect$$$$00000001)
    .ARM.Collect$$$$00000004                 0x0800018c   Section        4  entry5.o(.ARM.Collect$$$$00000004)
    .ARM.Collect$$$$00000008                 0x08000190   Section        0  entry7b.o(.ARM.Collect$$$$00000008)
    .ARM.Collect$$$$0000000A                 0x08000190   Section        0  entry8b.o(.ARM.Collect$$$$0000000A)
    .ARM.Collect$$$$0000000B                 0x08000190   Section        8  entry9a.o(.ARM.Collect$$$$0000000B)
    __lit__00000000                          0x08000198   Data           4  entry2.o(.ARM.Collect$$$$00002712)
    .ARM.Collect$$$$0000000D                 0x08000198   Section        0  entry10a.o(.ARM.Collect$$$$0000000D)
    .ARM.Collect$$$$0000000F                 0x08000198   Section        0  entry11a.o(.ARM.Collect$$$$0000000F)
    .ARM.Collect$$$$00002712                 0x08000198   Section        4  entry2.o(.ARM.Collect$$$$00002712)
    $v0                                      0x0800019c   Number         0  startup_stm32f40_41xxx.o(.text)
    .text                                    0x0800019c   Section       36  startup_stm32f40_41xxx.o(.text)
    .text                                    0x080001c0   Section        0  uidiv.o(.text)
    .text                                    0x080001ec   Section        0  uldiv.o(.text)
    .text                                    0x0800024e   Section        0  iusefp.o(.text)
    .text                                    0x0800024e   Section        0  dadd.o(.text)
    .text                                    0x0800039c   Section        0  dmul.o(.text)
    .text                                    0x08000480   Section        0  ddiv.o(.text)
    .text                                    0x0800055e   Section        0  dfixul.o(.text)
    .text                                    0x08000590   Section       48  cdrcmple.o(.text)
    .text                                    0x080005c0   Section       36  init.o(.text)
    .text                                    0x080005e4   Section        0  llshl.o(.text)
    .text                                    0x08000602   Section        0  llushr.o(.text)
    .text                                    0x08000622   Section        0  llsshr.o(.text)
    .text                                    0x08000646   Section        0  depilogue.o(.text)
    [Anonymous Symbol]                       0x08000700   Section        0  stm32f4xx_rcc.o(.text.RCC_GetClocksFreq)
    [Anonymous Symbol]                       0x08000864   Section        0  delay.o(.text.delay_ms)
    [Anonymous Symbol]                       0x08000888   Section        0  driver.o(.text.driver_init)
    [Anonymous Symbol]                       0x08000894   Section        0  usart.o(.text.fputc)
    [Anonymous Symbol]                       0x080008c4   Section        0  gpio_config.o(.text.gpio_init)
    [Anonymous Symbol]                       0x08000964   Section        0  led.o(.text.led)
    [Anonymous Symbol]                       0x08000998   Section        0  main.o(.text.main)
    [Anonymous Symbol]                       0x080009f0   Section        0  rcc_1.o(.text.rcc_init)
    [Anonymous Symbol]                       0x08000b20   Section        0  gpio_config.o(.text.usart_gpio_init)
    [Anonymous Symbol]                       0x08000c08   Section        0  usart.o(.text.usart_init)
    i.__0printf                              0x08000ccc   Section        0  printfa.o(i.__0printf)
    i.__scatterload_copy                     0x08000cec   Section       14  handlers.o(i.__scatterload_copy)
    i.__scatterload_null                     0x08000cfa   Section        2  handlers.o(i.__scatterload_null)
    i.__scatterload_zeroinit                 0x08000cfc   Section       14  handlers.o(i.__scatterload_zeroinit)
    _fp_digits                               0x08000d0d   Thumb Code   366  printfa.o(i._fp_digits)
    i._fp_digits                             0x08000d0c   Section        0  printfa.o(i._fp_digits)
    _printf_core                             0x08000e91   Thumb Code  1744  printfa.o(i._printf_core)
    i._printf_core                           0x08000e90   Section        0  printfa.o(i._printf_core)
    _printf_post_padding                     0x0800156d   Thumb Code    36  printfa.o(i._printf_post_padding)
    i._printf_post_padding                   0x0800156c   Section        0  printfa.o(i._printf_post_padding)
    _printf_pre_padding                      0x08001591   Thumb Code    46  printfa.o(i._printf_pre_padding)
    i._printf_pre_padding                    0x08001590   Section        0  printfa.o(i._printf_pre_padding)
    APBAHBPrescTable                         0x080015be   Data          16  stm32f4xx_rcc.o(.rodata.APBAHBPrescTable)
    [Anonymous Symbol]                       0x080015be   Section        0  stm32f4xx_rcc.o(.rodata.APBAHBPrescTable)
    .L.str                                   0x080015ce   Data           8  main.o(.rodata.str1.1)
    [Anonymous Symbol]                       0x080015ce   Section        0  main.o(.rodata.str1.1)
    .L.str.1                                 0x080015d6   Data           8  main.o(.rodata.str1.1)
    .data                                    0x20000000   Section        4  stdout.o(.data)
    STACK                                    0x20000008   Section     1024  startup_stm32f40_41xxx.o(STACK)

    Global Symbols

    Symbol Name                              Value     Ov Type        Size  Object(Section)

    BuildAttributes$$THM_ISAv4$E$P$D$K$B$S$7EM$VFPi3$EXTD16$VFPS$VFMA$PE$A:L22UL41UL21$X:L11$S22US41US21$IEEE1$IW$~IW$USESV6$~STKCKD$USESV7$~SHL$OSPACE$ROPI$EBA8$MICROLIB$REQ8$PRES8$EABIv2 0x00000000   Number         0  anon$$obj.o ABSOLUTE
    __cpp_initialize__aeabi_                  - Undefined Weak Reference
    __cxa_finalize                            - Undefined Weak Reference
    __decompress                              - Undefined Weak Reference
    _clock_init                               - Undefined Weak Reference
    _microlib_exit                            - Undefined Weak Reference
    __Vectors_Size                           0x00000188   Number         0  startup_stm32f40_41xxx.o ABSOLUTE
    __Vectors                                0x08000000   Data           4  startup_stm32f40_41xxx.o(RESET)
    __Vectors_End                            0x08000188   Data           0  startup_stm32f40_41xxx.o(RESET)
    __main                                   0x08000189   Thumb Code     0  entry.o(.ARM.Collect$$$$00000000)
    _main_stk                                0x08000189   Thumb Code     0  entry2.o(.ARM.Collect$$$$00000001)
    _main_scatterload                        0x0800018d   Thumb Code     0  entry5.o(.ARM.Collect$$$$00000004)
    __main_after_scatterload                 0x08000191   Thumb Code     0  entry5.o(.ARM.Collect$$$$00000004)
    _main_clock                              0x08000191   Thumb Code     0  entry7b.o(.ARM.Collect$$$$00000008)
    _main_cpp_init                           0x08000191   Thumb Code     0  entry8b.o(.ARM.Collect$$$$0000000A)
    _main_init                               0x08000191   Thumb Code     0  entry9a.o(.ARM.Collect$$$$0000000B)
    __rt_final_cpp                           0x08000199   Thumb Code     0  entry10a.o(.ARM.Collect$$$$0000000D)
    __rt_final_exit                          0x08000199   Thumb Code     0  entry11a.o(.ARM.Collect$$$$0000000F)
    Reset_Handler                            0x0800019d   Thumb Code     8  startup_stm32f40_41xxx.o(.text)
    NMI_Handler                              0x080001a5   Thumb Code     2  startup_stm32f40_41xxx.o(.text)
    HardFault_Handler                        0x080001a7   Thumb Code     2  startup_stm32f40_41xxx.o(.text)
    MemManage_Handler                        0x080001a9   Thumb Code     2  startup_stm32f40_41xxx.o(.text)
    BusFault_Handler                         0x080001ab   Thumb Code     2  startup_stm32f40_41xxx.o(.text)
    UsageFault_Handler                       0x080001ad   Thumb Code     2  startup_stm32f40_41xxx.o(.text)
    SVC_Handler                              0x080001af   Thumb Code     2  startup_stm32f40_41xxx.o(.text)
    DebugMon_Handler                         0x080001b1   Thumb Code     2  startup_stm32f40_41xxx.o(.text)
    PendSV_Handler                           0x080001b3   Thumb Code     2  startup_stm32f40_41xxx.o(.text)
    SysTick_Handler                          0x080001b5   Thumb Code     2  startup_stm32f40_41xxx.o(.text)
    ADC_IRQHandler                           0x080001b7   Thumb Code     0  startup_stm32f40_41xxx.o(.text)
    CAN1_RX0_IRQHandler                      0x080001b7   Thumb Code     0  startup_stm32f40_41xxx.o(.text)
    CAN1_RX1_IRQHandler                      0x080001b7   Thumb Code     0  startup_stm32f40_41xxx.o(.text)
    CAN1_SCE_IRQHandler                      0x080001b7   Thumb Code     0  startup_stm32f40_41xxx.o(.text)
    CAN1_TX_IRQHandler                       0x080001b7   Thumb Code     0  startup_stm32f40_41xxx.o(.text)
    CAN2_RX0_IRQHandler                      0x080001b7   Thumb Code     0  startup_stm32f40_41xxx.o(.text)
    CAN2_RX1_IRQHandler                      0x080001b7   Thumb Code     0  startup_stm32f40_41xxx.o(.text)
    CAN2_SCE_IRQHandler                      0x080001b7   Thumb Code     0  startup_stm32f40_41xxx.o(.text)
    CAN2_TX_IRQHandler                       0x080001b7   Thumb Code     0  startup_stm32f40_41xxx.o(.text)
    CRYP_IRQHandler                          0x080001b7   Thumb Code     0  startup_stm32f40_41xxx.o(.text)
    DCMI_IRQHandler                          0x080001b7   Thumb Code     0  startup_stm32f40_41xxx.o(.text)
    DMA1_Stream0_IRQHandler                  0x080001b7   Thumb Code     0  startup_stm32f40_41xxx.o(.text)
    DMA1_Stream1_IRQHandler                  0x080001b7   Thumb Code     0  startup_stm32f40_41xxx.o(.text)
    DMA1_Stream2_IRQHandler                  0x080001b7   Thumb Code     0  startup_stm32f40_41xxx.o(.text)
    DMA1_Stream3_IRQHandler                  0x080001b7   Thumb Code     0  startup_stm32f40_41xxx.o(.text)
    DMA1_Stream4_IRQHandler                  0x080001b7   Thumb Code     0  startup_stm32f40_41xxx.o(.text)
    DMA1_Stream5_IRQHandler                  0x080001b7   Thumb Code     0  startup_stm32f40_41xxx.o(.text)
    DMA1_Stream6_IRQHandler                  0x080001b7   Thumb Code     0  startup_stm32f40_41xxx.o(.text)
    DMA1_Stream7_IRQHandler                  0x080001b7   Thumb Code     0  startup_stm32f40_41xxx.o(.text)
    DMA2_Stream0_IRQHandler                  0x080001b7   Thumb Code     0  startup_stm32f40_41xxx.o(.text)
    DMA2_Stream1_IRQHandler                  0x080001b7   Thumb Code     0  startup_stm32f40_41xxx.o(.text)
    DMA2_Stream2_IRQHandler                  0x080001b7   Thumb Code     0  startup_stm32f40_41xxx.o(.text)
    DMA2_Stream3_IRQHandler                  0x080001b7   Thumb Code     0  startup_stm32f40_41xxx.o(.text)
    DMA2_Stream4_IRQHandler                  0x080001b7   Thumb Code     0  startup_stm32f40_41xxx.o(.text)
    DMA2_Stream5_IRQHandler                  0x080001b7   Thumb Code     0  startup_stm32f40_41xxx.o(.text)
    DMA2_Stream6_IRQHandler                  0x080001b7   Thumb Code     0  startup_stm32f40_41xxx.o(.text)
    DMA2_Stream7_IRQHandler                  0x080001b7   Thumb Code     0  startup_stm32f40_41xxx.o(.text)
    ETH_IRQHandler                           0x080001b7   Thumb Code     0  startup_stm32f40_41xxx.o(.text)
    ETH_WKUP_IRQHandler                      0x080001b7   Thumb Code     0  startup_stm32f40_41xxx.o(.text)
    EXTI0_IRQHandler                         0x080001b7   Thumb Code     0  startup_stm32f40_41xxx.o(.text)
    EXTI15_10_IRQHandler                     0x080001b7   Thumb Code     0  startup_stm32f40_41xxx.o(.text)
    EXTI1_IRQHandler                         0x080001b7   Thumb Code     0  startup_stm32f40_41xxx.o(.text)
    EXTI2_IRQHandler                         0x080001b7   Thumb Code     0  startup_stm32f40_41xxx.o(.text)
    EXTI3_IRQHandler                         0x080001b7   Thumb Code     0  startup_stm32f40_41xxx.o(.text)
    EXTI4_IRQHandler                         0x080001b7   Thumb Code     0  startup_stm32f40_41xxx.o(.text)
    EXTI9_5_IRQHandler                       0x080001b7   Thumb Code     0  startup_stm32f40_41xxx.o(.text)
    FLASH_IRQHandler                         0x080001b7   Thumb Code     0  startup_stm32f40_41xxx.o(.text)
    FPU_IRQHandler                           0x080001b7   Thumb Code     0  startup_stm32f40_41xxx.o(.text)
    FSMC_IRQHandler                          0x080001b7   Thumb Code     0  startup_stm32f40_41xxx.o(.text)
    HASH_RNG_IRQHandler                      0x080001b7   Thumb Code     0  startup_stm32f40_41xxx.o(.text)
    I2C1_ER_IRQHandler                       0x080001b7   Thumb Code     0  startup_stm32f40_41xxx.o(.text)
    I2C1_EV_IRQHandler                       0x080001b7   Thumb Code     0  startup_stm32f40_41xxx.o(.text)
    I2C2_ER_IRQHandler                       0x080001b7   Thumb Code     0  startup_stm32f40_41xxx.o(.text)
    I2C2_EV_IRQHandler                       0x080001b7   Thumb Code     0  startup_stm32f40_41xxx.o(.text)
    I2C3_ER_IRQHandler                       0x080001b7   Thumb Code     0  startup_stm32f40_41xxx.o(.text)
    I2C3_EV_IRQHandler                       0x080001b7   Thumb Code     0  startup_stm32f40_41xxx.o(.text)
    OTG_FS_IRQHandler                        0x080001b7   Thumb Code     0  startup_stm32f40_41xxx.o(.text)
    OTG_FS_WKUP_IRQHandler                   0x080001b7   Thumb Code     0  startup_stm32f40_41xxx.o(.text)
    OTG_HS_EP1_IN_IRQHandler                 0x080001b7   Thumb Code     0  startup_stm32f40_41xxx.o(.text)
    OTG_HS_EP1_OUT_IRQHandler                0x080001b7   Thumb Code     0  startup_stm32f40_41xxx.o(.text)
    OTG_HS_IRQHandler                        0x080001b7   Thumb Code     0  startup_stm32f40_41xxx.o(.text)
    OTG_HS_WKUP_IRQHandler                   0x080001b7   Thumb Code     0  startup_stm32f40_41xxx.o(.text)
    PVD_IRQHandler                           0x080001b7   Thumb Code     0  startup_stm32f40_41xxx.o(.text)
    RCC_IRQHandler                           0x080001b7   Thumb Code     0  startup_stm32f40_41xxx.o(.text)
    RTC_Alarm_IRQHandler                     0x080001b7   Thumb Code     0  startup_stm32f40_41xxx.o(.text)
    RTC_WKUP_IRQHandler                      0x080001b7   Thumb Code     0  startup_stm32f40_41xxx.o(.text)
    SDIO_IRQHandler                          0x080001b7   Thumb Code     0  startup_stm32f40_41xxx.o(.text)
    SPI1_IRQHandler                          0x080001b7   Thumb Code     0  startup_stm32f40_41xxx.o(.text)
    SPI2_IRQHandler                          0x080001b7   Thumb Code     0  startup_stm32f40_41xxx.o(.text)
    SPI3_IRQHandler                          0x080001b7   Thumb Code     0  startup_stm32f40_41xxx.o(.text)
    TAMP_STAMP_IRQHandler                    0x080001b7   Thumb Code     0  startup_stm32f40_41xxx.o(.text)
    TIM1_BRK_TIM9_IRQHandler                 0x080001b7   Thumb Code     0  startup_stm32f40_41xxx.o(.text)
    TIM1_CC_IRQHandler                       0x080001b7   Thumb Code     0  startup_stm32f40_41xxx.o(.text)
    TIM1_TRG_COM_TIM11_IRQHandler            0x080001b7   Thumb Code     0  startup_stm32f40_41xxx.o(.text)
    TIM1_UP_TIM10_IRQHandler                 0x080001b7   Thumb Code     0  startup_stm32f40_41xxx.o(.text)
    TIM2_IRQHandler                          0x080001b7   Thumb Code     0  startup_stm32f40_41xxx.o(.text)
    TIM3_IRQHandler                          0x080001b7   Thumb Code     0  startup_stm32f40_41xxx.o(.text)
    TIM4_IRQHandler                          0x080001b7   Thumb Code     0  startup_stm32f40_41xxx.o(.text)
    TIM5_IRQHandler                          0x080001b7   Thumb Code     0  startup_stm32f40_41xxx.o(.text)
    TIM6_DAC_IRQHandler                      0x080001b7   Thumb Code     0  startup_stm32f40_41xxx.o(.text)
    TIM7_IRQHandler                          0x080001b7   Thumb Code     0  startup_stm32f40_41xxx.o(.text)
    TIM8_BRK_TIM12_IRQHandler                0x080001b7   Thumb Code     0  startup_stm32f40_41xxx.o(.text)
    TIM8_CC_IRQHandler                       0x080001b7   Thumb Code     0  startup_stm32f40_41xxx.o(.text)
    TIM8_TRG_COM_TIM14_IRQHandler            0x080001b7   Thumb Code     0  startup_stm32f40_41xxx.o(.text)
    TIM8_UP_TIM13_IRQHandler                 0x080001b7   Thumb Code     0  startup_stm32f40_41xxx.o(.text)
    UART4_IRQHandler                         0x080001b7   Thumb Code     0  startup_stm32f40_41xxx.o(.text)
    UART5_IRQHandler                         0x080001b7   Thumb Code     0  startup_stm32f40_41xxx.o(.text)
    USART1_IRQHandler                        0x080001b7   Thumb Code     0  startup_stm32f40_41xxx.o(.text)
    USART2_IRQHandler                        0x080001b7   Thumb Code     0  startup_stm32f40_41xxx.o(.text)
    USART3_IRQHandler                        0x080001b7   Thumb Code     0  startup_stm32f40_41xxx.o(.text)
    USART6_IRQHandler                        0x080001b7   Thumb Code     0  startup_stm32f40_41xxx.o(.text)
    WWDG_IRQHandler                          0x080001b7   Thumb Code     0  startup_stm32f40_41xxx.o(.text)
    __aeabi_uidiv                            0x080001c1   Thumb Code     0  uidiv.o(.text)
    __aeabi_uidivmod                         0x080001c1   Thumb Code    44  uidiv.o(.text)
    __aeabi_uldivmod                         0x080001ed   Thumb Code    98  uldiv.o(.text)
    __I$use$fp                               0x0800024f   Thumb Code     0  iusefp.o(.text)
    __aeabi_dadd                             0x0800024f   Thumb Code   322  dadd.o(.text)
    __aeabi_dsub                             0x08000391   Thumb Code     6  dadd.o(.text)
    __aeabi_drsub                            0x08000397   Thumb Code     6  dadd.o(.text)
    __aeabi_dmul                             0x0800039d   Thumb Code   228  dmul.o(.text)
    __aeabi_ddiv                             0x08000481   Thumb Code   222  ddiv.o(.text)
    __aeabi_d2ulz                            0x0800055f   Thumb Code    48  dfixul.o(.text)
    __aeabi_cdrcmple                         0x08000591   Thumb Code    48  cdrcmple.o(.text)
    __scatterload                            0x080005c1   Thumb Code    28  init.o(.text)
    __scatterload_rt2                        0x080005c1   Thumb Code     0  init.o(.text)
    __aeabi_llsl                             0x080005e5   Thumb Code    30  llshl.o(.text)
    _ll_shift_l                              0x080005e5   Thumb Code     0  llshl.o(.text)
    __aeabi_llsr                             0x08000603   Thumb Code    32  llushr.o(.text)
    _ll_ushift_r                             0x08000603   Thumb Code     0  llushr.o(.text)
    __aeabi_lasr                             0x08000623   Thumb Code    36  llsshr.o(.text)
    _ll_sshift_r                             0x08000623   Thumb Code     0  llsshr.o(.text)
    _double_round                            0x08000647   Thumb Code    30  depilogue.o(.text)
    _double_epilogue                         0x08000665   Thumb Code   156  depilogue.o(.text)
    RCC_GetClocksFreq                        0x08000701   Thumb Code   354  stm32f4xx_rcc.o(.text.RCC_GetClocksFreq)
    delay_ms                                 0x08000865   Thumb Code    36  delay.o(.text.delay_ms)
    driver_init                              0x08000889   Thumb Code    12  driver.o(.text.driver_init)
    fputc                                    0x08000895   Thumb Code    48  usart.o(.text.fputc)
    gpio_init                                0x080008c5   Thumb Code   158  gpio_config.o(.text.gpio_init)
    led                                      0x08000965   Thumb Code    52  led.o(.text.led)
    main                                     0x08000999   Thumb Code    88  main.o(.text.main)
    rcc_init                                 0x080009f1   Thumb Code   304  rcc_1.o(.text.rcc_init)
    usart_gpio_init                          0x08000b21   Thumb Code   230  gpio_config.o(.text.usart_gpio_init)
    usart_init                               0x08000c09   Thumb Code   196  usart.o(.text.usart_init)
    __0printf                                0x08000ccd   Thumb Code    22  printfa.o(i.__0printf)
    __1printf                                0x08000ccd   Thumb Code     0  printfa.o(i.__0printf)
    __2printf                                0x08000ccd   Thumb Code     0  printfa.o(i.__0printf)
    __c89printf                              0x08000ccd   Thumb Code     0  printfa.o(i.__0printf)
    printf                                   0x08000ccd   Thumb Code     0  printfa.o(i.__0printf)
    __scatterload_copy                       0x08000ced   Thumb Code    14  handlers.o(i.__scatterload_copy)
    __scatterload_null                       0x08000cfb   Thumb Code     2  handlers.o(i.__scatterload_null)
    __scatterload_zeroinit                   0x08000cfd   Thumb Code    14  handlers.o(i.__scatterload_zeroinit)
    Region$$Table$$Base                      0x080015e0   Number         0  anon$$obj.o(Region$$Table)
    Region$$Table$$Limit                     0x08001600   Number         0  anon$$obj.o(Region$$Table)
    __stdout                                 0x20000000   Data           4  stdout.o(.data)
    __initial_sp                             0x20000408   Data           0  startup_stm32f40_41xxx.o(STACK)



==============================================================================

Memory Map of the image

  Image Entry point : 0x08000189

  Load Region LR_IROM1 (Base: 0x08000000, Size: 0x00001608, Max: 0x00080000, ABSOLUTE)

    Execution Region ER_IROM1 (Exec base: 0x08000000, Load base: 0x08000000, Size: 0x00001600, Max: 0x00080000, ABSOLUTE)

    Exec Addr    Load Addr    Size         Type   Attr      Idx    E Section Name        Object

    0x08000000   0x08000000   0x00000188   Data   RO          220    RESET               startup_stm32f40_41xxx.o
    0x08000188   0x08000188   0x00000000   Code   RO          315  * .ARM.Collect$$$$00000000  mc_w.l(entry.o)
    0x08000188   0x08000188   0x00000004   Code   RO          346    .ARM.Collect$$$$00000001  mc_w.l(entry2.o)
    0x0800018c   0x0800018c   0x00000004   Code   RO          349    .ARM.Collect$$$$00000004  mc_w.l(entry5.o)
    0x08000190   0x08000190   0x00000000   Code   RO          351    .ARM.Collect$$$$00000008  mc_w.l(entry7b.o)
    0x08000190   0x08000190   0x00000000   Code   RO          353    .ARM.Collect$$$$0000000A  mc_w.l(entry8b.o)
    0x08000190   0x08000190   0x00000008   Code   RO          354    .ARM.Collect$$$$0000000B  mc_w.l(entry9a.o)
    0x08000198   0x08000198   0x00000000   Code   RO          356    .ARM.Collect$$$$0000000D  mc_w.l(entry10a.o)
    0x08000198   0x08000198   0x00000000   Code   RO          358    .ARM.Collect$$$$0000000F  mc_w.l(entry11a.o)
    0x08000198   0x08000198   0x00000004   Code   RO          347    .ARM.Collect$$$$00002712  mc_w.l(entry2.o)
    0x0800019c   0x0800019c   0x00000024   Code   RO          221    .text               startup_stm32f40_41xxx.o
    0x080001c0   0x080001c0   0x0000002c   Code   RO          370    .text               mc_w.l(uidiv.o)
    0x080001ec   0x080001ec   0x00000062   Code   RO          372    .text               mc_w.l(uldiv.o)
    0x0800024e   0x0800024e   0x00000000   Code   RO          374    .text               mc_w.l(iusefp.o)
    0x0800024e   0x0800024e   0x0000014e   Code   RO          375    .text               mf_w.l(dadd.o)
    0x0800039c   0x0800039c   0x000000e4   Code   RO          377    .text               mf_w.l(dmul.o)
    0x08000480   0x08000480   0x000000de   Code   RO          379    .text               mf_w.l(ddiv.o)
    0x0800055e   0x0800055e   0x00000030   Code   RO          381    .text               mf_w.l(dfixul.o)
    0x0800058e   0x0800058e   0x00000002   PAD
    0x08000590   0x08000590   0x00000030   Code   RO          383    .text               mf_w.l(cdrcmple.o)
    0x080005c0   0x080005c0   0x00000024   Code   RO          385    .text               mc_w.l(init.o)
    0x080005e4   0x080005e4   0x0000001e   Code   RO          387    .text               mc_w.l(llshl.o)
    0x08000602   0x08000602   0x00000020   Code   RO          389    .text               mc_w.l(llushr.o)
    0x08000622   0x08000622   0x00000024   Code   RO          391    .text               mc_w.l(llsshr.o)
    0x08000646   0x08000646   0x000000ba   Code   RO          393    .text               mf_w.l(depilogue.o)
    0x08000700   0x08000700   0x00000162   Code   RO          164    .text.RCC_GetClocksFreq  stm32f4xx_rcc.o
    0x08000862   0x08000862   0x00000002   PAD
    0x08000864   0x08000864   0x00000024   Code   RO          281    .text.delay_ms      delay.o
    0x08000888   0x08000888   0x0000000c   Code   RO          273    .text.driver_init   driver.o
    0x08000894   0x08000894   0x00000030   Code   RO          262    .text.fputc         usart.o
    0x080008c4   0x080008c4   0x0000009e   Code   RO          297    .text.gpio_init     gpio_config.o
    0x08000962   0x08000962   0x00000002   PAD
    0x08000964   0x08000964   0x00000034   Code   RO          308    .text.led           led.o
    0x08000998   0x08000998   0x00000058   Code   RO          243    .text.main          main.o
    0x080009f0   0x080009f0   0x00000130   Code   RO          289    .text.rcc_init      rcc_1.o
    0x08000b20   0x08000b20   0x000000e6   Code   RO          299    .text.usart_gpio_init  gpio_config.o
    0x08000c06   0x08000c06   0x00000002   PAD
    0x08000c08   0x08000c08   0x000000c4   Code   RO          264    .text.usart_init    usart.o
    0x08000ccc   0x08000ccc   0x00000020   Code   RO          319    i.__0printf         mc_w.l(printfa.o)
    0x08000cec   0x08000cec   0x0000000e   Code   RO          397    i.__scatterload_copy  mc_w.l(handlers.o)
    0x08000cfa   0x08000cfa   0x00000002   Code   RO          398    i.__scatterload_null  mc_w.l(handlers.o)
    0x08000cfc   0x08000cfc   0x0000000e   Code   RO          399    i.__scatterload_zeroinit  mc_w.l(handlers.o)
    0x08000d0a   0x08000d0a   0x00000002   PAD
    0x08000d0c   0x08000d0c   0x00000184   Code   RO          326    i._fp_digits        mc_w.l(printfa.o)
    0x08000e90   0x08000e90   0x000006dc   Code   RO          327    i._printf_core      mc_w.l(printfa.o)
    0x0800156c   0x0800156c   0x00000024   Code   RO          328    i._printf_post_padding  mc_w.l(printfa.o)
    0x08001590   0x08001590   0x0000002e   Code   RO          329    i._printf_pre_padding  mc_w.l(printfa.o)
    0x080015be   0x080015be   0x00000010   Data   RO          211    .rodata.APBAHBPrescTable  stm32f4xx_rcc.o
    0x080015ce   0x080015ce   0x00000010   Data   RO          245    .rodata.str1.1      main.o
    0x080015de   0x080015de   0x00000002   PAD
    0x080015e0   0x080015e0   0x00000020   Data   RO          396    Region$$Table       anon$$obj.o


    Execution Region RW_IRAM1 (Exec base: 0x20000000, Load base: 0x08001600, Size: 0x00000408, Max: 0x00020000, ABSOLUTE)

    Exec Addr    Load Addr    Size         Type   Attr      Idx    E Section Name        Object

    0x20000000   0x08001600   0x00000004   Data   RW          360    .data               mc_w.l(stdout.o)
    0x20000004   0x08001604   0x00000004   PAD
    0x20000008        -       0x00000400   Zero   RW          218    STACK               startup_stm32f40_41xxx.o


==============================================================================

Image component sizes


      Code (inc. data)   RO Data    RW Data    ZI Data      Debug   Object Name

        36          0          0          0          0        587   delay.o
        12          0          0          0          0        352   driver.o
       388          0          0          0          0       1869   gpio_config.o
        52          0          0          0          0        974   led.o
        88          0         16          0          0        582   main.o
       304          0          0          0          0       1745   rcc_1.o
        36          8        392          0       1024        904   startup_stm32f40_41xxx.o
       354          0         16          0          0      10636   stm32f4xx_rcc.o
       244          0          0          0          0       2388   usart.o

    ----------------------------------------------------------------------
      1520          8        458          0       1024      20037   Object Totals
         0          0         32          0          0          0   (incl. Generated)
         6          0          2          0          0          0   (incl. Padding)

    ----------------------------------------------------------------------

      Code (inc. data)   RO Data    RW Data    ZI Data      Debug   Library Member Name

         0          0          0          0          0          0   entry.o
         0          0          0          0          0          0   entry10a.o
         0          0          0          0          0          0   entry11a.o
         8          4          0          0          0          0   entry2.o
         4          0          0          0          0          0   entry5.o
         0          0          0          0          0          0   entry7b.o
         0          0          0          0          0          0   entry8b.o
         8          4          0          0          0          0   entry9a.o
        30          0          0          0          0          0   handlers.o
        36          8          0          0          0         68   init.o
         0          0          0          0          0          0   iusefp.o
        30          0          0          0          0         68   llshl.o
        36          0          0          0          0         68   llsshr.o
        32          0          0          0          0         68   llushr.o
      2258         90          0          0          0        452   printfa.o
         0          0          0          4          0          0   stdout.o
        44          0          0          0          0         80   uidiv.o
        98          0          0          0          0         92   uldiv.o
        48          0          0          0          0         68   cdrcmple.o
       334          0          0          0          0        148   dadd.o
       222          0          0          0          0        100   ddiv.o
       186          0          0          0          0        176   depilogue.o
        48          0          0          0          0         68   dfixul.o
       228          0          0          0          0         96   dmul.o

    ----------------------------------------------------------------------
      3654        106          0          4          4       1552   Library Totals
         4          0          0          0          4          0   (incl. Padding)

    ----------------------------------------------------------------------

      Code (inc. data)   RO Data    RW Data    ZI Data      Debug   Library Name

      2584        106          0          4          0        896   mc_w.l
      1066          0          0          0          0        656   mf_w.l

    ----------------------------------------------------------------------
      3654        106          0          4          4       1552   Library Totals

    ----------------------------------------------------------------------

==============================================================================


      Code (inc. data)   RO Data    RW Data    ZI Data      Debug   

      5174        114        458          4       1028      20873   Grand Totals
      5174        114        458          4       1028      20873   ELF Image Totals
      5174        114        458          4          0          0   ROM Totals

==============================================================================

    Total RO  Size (Code + RO Data)                 5632 (   5.50kB)
    Total RW  Size (RW Data + ZI Data)              1032 (   1.01kB)
    Total ROM Size (Code + RO Data + RW Data)       5636 (   5.50kB)

==============================================================================

