<html>
<body>
<pre>
<h1>µVision Build Log</h1>
<h2>Tool Versions:</h2>
IDE-Version: ¦ÌVision V5.38.0.0
Copyright (C) 2022 ARM Ltd and ARM Germany GmbH. All rights reserved.
License Information: dsadasd asdasdasdas, dasdas, LIC=TIVNB-2ESII-DYUV3-AV87M-ZIPFF-8J5ID
 
Tool Versions:
Toolchain:       MDK-ARM Plus  Version: 5.38.0.0
Toolchain Path:  C:\Keil_v5\ARM\ARMCLANG\Bin
C Compiler:      ArmClang.exe V6.19
Assembler:       Armasm.exe V6.19
Linker/Locator:  ArmLink.exe V6.19
Library Manager: ArmAr.exe V6.19
Hex Converter:   FromElf.exe V6.19
CPU DLL:         SARMCM3.DLL V5.38.0.0
Dialog DLL:      DCM.DLL V1.17.5.0
Target DLL:      STLink\ST-LINKIII-KEIL_SWO.dll V3.1.0.0
Dialog DLL:      TARMSTM.DLL V1.67.1.0
 
<h2>Project:</h2>
D:\study\STM32\practice\gpio\prj\f411_proj.uvprojx
Project File Date:  06/02/2023

<h2>Output:</h2>
*** Using Compiler 'V6.19', folder: 'C:\Keil_v5\ARM\ARMCLANG\Bin'
Build target 'Target 1'
Note: source file '..\src\driver\rcc\rcc.c' - object file renamed from '.\Objects\rcc.o' to '.\Objects\rcc_1.o'.
compiling usart.c...
linking...
Program Size: Code=5174 RO-data=458 RW-data=4 ZI-data=1028  
After Build - User command #1: C:\Keil_v5\ARM\ARMCLANG\bin\fromelf.exe -c  Objects/f411_proj.axf -o  Objects/f411_proj.txt
After Build - User command #2: C:\Keil_v5\ARM\ARMCLANG\bin\fromelf.exe --bin --output bin/f411_proj.bin Objects/f411_proj.axf
".\Objects\f411_proj.axf" - 0 Error(s), 0 Warning(s).

<h2>Software Packages used:</h2>

Package Vendor: Keil
                https://www.keil.com/pack/Keil.STM32F4xx_DFP.2.17.0.pack
                Keil.STM32F4xx_DFP.2.17.0
                STMicroelectronics STM32F4 Series Device Support, Drivers and Examples

<h2>Collection of Component include folders:</h2>
  C:/Users/anping/AppData/Local/Arm/Packs/Keil/STM32F4xx_DFP/2.17.0/Drivers/CMSIS/Device/ST/STM32F4xx/Include

<h2>Collection of Component Files used:</h2>
Build Time Elapsed:  00:00:03
</pre>
</body>
</html>
